2025-09-04 13:04:13.110  1291-1470  WindowManager           system_server                        E  win=Window{3f93d7c u0 Splash Screen com.example.baby_alert_app EXITING} destroySurfaces: appStopped=false win.mWindowRemovalAllowed=true win.mRemoveOnExit=true win.mViewVisibility=8 caller=com.android.server.wm.ActivityRecord.destroySurfaces:5873 com.android.server.wm.ActivityRecord.destroySurfaces:5854 com.android.server.wm.WindowState.onExitAnimationDone:5993 com.android.server.wm.WindowStateAnimator.onAnimationFinished:242 com.android.server.wm.WindowState.onAnimationFinished:6246 com.android.server.wm.WindowContainer$$ExternalSyntheticLambda0.onAnimationFinished:2 com.android.server.wm.SurfaceAnimator.lambda$getFinishedCallback$0$SurfaceAnimator:113 
2025-09-04 13:04:13.338 24649-24649 PhoneWindow             com.example.baby_alert_app           D  forceLight changed to false [com.example.baby_alert_app/com.example.baby_alert_app.MainActivity] from com.android.internal.policy.PhoneWindow.updateForceLightNavigationBar:4319 com.android.internal.policy.PhoneWindow.setNavigationBarColor:4011 io.flutter.plugin.platform.PlatformPlugin.setSystemChromeSystemUIOverlayStyle:503 io.flutter.plugin.platform.PlatformPlugin.access$700:36 io.flutter.plugin.platform.PlatformPlugin$1.setSystemUiOverlayStyle:123 
2025-09-04 13:04:13.339 24649-24649 DecorView               com.example.baby_alert_app           I  notifyKeepScreenOnChanged: keepScreenOn=false
2025-09-04 13:04:13.370 24649-24649 ViewRootIm...nActivity] com.example.baby_alert_app           I  MSG_WINDOW_FOCUS_CHANGED 1 1
2025-09-04 13:04:13.373 24649-24649 InputMethodManager      com.example.baby_alert_app           D  startInputInner - Id : 0
2025-09-04 13:04:13.373 24649-24649 InputMethodManager      com.example.baby_alert_app           I  startInputInner - mService.startInputOrWindowGainedFocus
2025-09-04 13:04:13.378 24649-24649 DecorView               com.example.baby_alert_app           I  notifyKeepScreenOnChanged: keepScreenOn=false
2025-09-04 13:04:13.390 24649-24649 ViewRootIm...nActivity] com.example.baby_alert_app           I  Relayout returned: old=(0,0,720,1600) new=(0,0,720,1600) req=(720,1600)0 dur=10 res=0x1 s={true -5476376627715354624} ch=false fn=2
2025-09-04 13:04:13.394 24649-24649 ViewRootIm...nActivity] com.example.baby_alert_app           I  updateBoundsLayer: t = android.view.SurfaceControl$Transaction@a5cff91 sc = Surface(name=Bounds for - com.example.baby_alert_app/com.example.baby_alert_app.MainActivity@0)/@0xa9d2ef6 frame = 2
2025-09-04 13:04:13.394 24649-24649 ViewRootIm...nActivity] com.example.baby_alert_app           I  mWNT: t = android.view.SurfaceControl$Transaction@a5cff91 fN = 2 android.view.ViewRootImpl.prepareSurfaces:2778 android.view.ViewRootImpl.performTraversals:4024 android.view.ViewRootImpl.doTraversal:2919 
2025-09-04 13:04:13.394 24649-24649 ViewRootIm...nActivity] com.example.baby_alert_app           I  mWNT: merge t to BBQ
2025-09-04 13:04:13.413 24649-24649 InputMethodManager      com.example.baby_alert_app           D  startInputInner - Id : 0
2025-09-04 13:04:17.969 24649-24649 ViewRootIm...nActivity] com.example.baby_alert_app           I  ViewPostIme pointer 0
2025-09-04 13:04:18.229 24649-24649 ViewRootIm...nActivity] com.example.baby_alert_app           I  ViewPostIme pointer 1
2025-09-04 13:04:20.679 24649-24649 ViewRootIm...nActivity] com.example.baby_alert_app           I  stopped(false) old=false
2025-09-04 13:04:20.684 24649-24649 DecorView               com.example.baby_alert_app           I  notifyKeepScreenOnChanged: keepScreenOn=false
2025-09-04 13:04:20.802 24649-24649 ViewRootIm...nActivity] com.example.baby_alert_app           I  Relayout returned: old=(0,0,720,1600) new=(0,0,720,1600) req=(720,1600)0 dur=6 res=0x1 s={true -5476376627715354624} ch=false fn=3
2025-09-04 13:04:20.803 24649-24649 ViewRootIm...nActivity] com.example.baby_alert_app           I  updateBoundsLayer: t = android.view.SurfaceControl$Transaction@a5cff91 sc = Surface(name=Bounds for - com.example.baby_alert_app/com.example.baby_alert_app.MainActivity@0)/@0xa9d2ef6 frame = 3
2025-09-04 13:04:20.803 24649-24649 ViewRootIm...nActivity] com.example.baby_alert_app           I  mWNT: t = android.view.SurfaceControl$Transaction@a5cff91 fN = 3 android.view.ViewRootImpl.prepareSurfaces:2778 android.view.ViewRootImpl.performTraversals:4024 android.view.ViewRootImpl.doTraversal:2919 
2025-09-04 13:04:20.803 24649-24649 ViewRootIm...nActivity] com.example.baby_alert_app           I  mWNT: merge t to BBQ
2025-09-04 13:04:24.012 24649-24649 ViewRootIm...nActivity] com.example.baby_alert_app           I  ViewPostIme pointer 0
2025-09-04 13:04:24.092 24649-24649 ViewRootIm...nActivity] com.example.baby_alert_app           I  ViewPostIme pointer 1
---------------------------- PROCESS ENDED (24649) for package com.example.baby_alert_app ----------------------------
2025-09-04 13:04:35.645   648-648   audit                   auditd                               E  type=1400 audit(1756958675.643:27305): avc:  granted  { execute } for  pid=24821 comm="install_server-" path="/data/data/com.example.baby_alert_app/code_cache/install_server-3fc68f17" dev="mmcblk0p50" ino=34595 scontext=u:r:runas_app:s0:c255,c256,c512,c768 tcontext=u:object_r:app_data_file:s0:c255,c256,c512,c768 tclass=file SEPF_SM-A125N_12_0001 audit_filtered
2025-09-04 13:04:35.964   946-1723  BufferQueueDebug        surfaceflinger                       E  [Splash Screen com.example.baby_alert_app$_20869#0](this:0xb400006f5ce35948,id:-1,api:0,p:-1,c:-1) id info cannot be read from 'Splash Screen com.example.baby_alert_app$_20869#0'
2025-09-04 13:04:36.100 24851-24851 USNET                   pid-24851                            E  USNET: appName: com.example.baby_alert_app
2025-09-04 13:04:36.188   648-648   audit                   auditd                               E  type=1400 audit(1756958676.183:27306): avc:  granted  { execute } for  pid=24851 comm="re-initialized>" path="/data/data/com.example.baby_alert_app/code_cache/startup_agents/3fc68f17-agent.so" dev="mmcblk0p50" ino=34599 scontext=u:r:untrusted_app:s0:c255,c256,c512,c768 tcontext=u:object_r:app_data_file:s0:c255,c256,c512,c768 tclass=file SEPF_SM-A125N_12_0001 audit_filtered
---------------------------- PROCESS STARTED (24851) for package com.example.baby_alert_app ----------------------------
2025-09-04 13:04:36.752 24851-24851 ActivityThread          com.example.baby_alert_app           D  handleBindApplication()++ app=com.example.baby_alert_app
2025-09-04 13:04:36.754 24851-24851 Compatibil...geReporter com.example.baby_alert_app           D  Compat change id reported: 171979766; UID 10255; state: ENABLED
2025-09-04 13:04:37.158 24851-24851 nativeloader            com.example.baby_alert_app           D  Configuring clns-4 for other apk /data/app/~~H-gS5F89AZ007Pr6RlTy0g==/com.example.baby_alert_app-lLynyaePZT4PgnCfx9_KaQ==/base.apk. target_sdk_version=36, uses_libraries=, library_path=/data/app/~~H-gS5F89AZ007Pr6RlTy0g==/com.example.baby_alert_app-lLynyaePZT4PgnCfx9_KaQ==/lib/arm64:/data/app/~~H-gS5F89AZ007Pr6RlTy0g==/com.example.baby_alert_app-lLynyaePZT4PgnCfx9_KaQ==/base.apk!/lib/arm64-v8a, permitted_path=/data:/mnt/expand:/data/user/0/com.example.baby_alert_app
2025-09-04 13:04:37.181 24851-24851 GraphicsEnvironment     com.example.baby_alert_app           V  ANGLE Developer option for 'com.example.baby_alert_app' set to: 'default'
2025-09-04 13:04:37.181 24851-24851 GraphicsEnvironment     com.example.baby_alert_app           V  Neither updatable production driver nor prerelease driver is supported.
2025-09-04 13:04:37.189 24851-24851 LoadedApk               com.example.baby_alert_app           D  LoadedApk::makeApplication() appContext.mOpPackageName=com.example.baby_alert_app appContext.mBasePackageName=com.example.baby_alert_app
2025-09-04 13:04:37.190 24851-24851 NetworkSecurityConfig   com.example.baby_alert_app           D  No Network Security Config specified, using platform default
2025-09-04 13:04:37.291 24851-24851 NetworkSecurityConfig   com.example.baby_alert_app           D  No Network Security Config specified, using platform default
2025-09-04 13:04:37.333 24851-24851 ActivityThread          com.example.baby_alert_app           D  handleBindApplication() --
2025-09-04 13:04:37.344 24851-24881 OpenGLRenderer          com.example.baby_alert_app           D  RenderThread::requireGlContext()
2025-09-04 13:04:37.344 24851-24881 libMEOW                 com.example.baby_alert_app           D  meow new tls: 0xb400007949756d40
2025-09-04 13:04:37.345 24851-24881 libMEOW                 com.example.baby_alert_app           D  meow reload base cfg path: na
2025-09-04 13:04:37.345 24851-24881 libMEOW                 com.example.baby_alert_app           D  meow reload overlay cfg path: na
2025-09-04 13:04:37.348 24851-24881 QT                      com.example.baby_alert_app           E  [QT]file does not exist
2025-09-04 13:04:37.349 24851-24881 libMEOW                 com.example.baby_alert_app           D  applied 2 plugins for [com.example.baby_alert_app]:
2025-09-04 13:04:37.349 24851-24881 libMEOW                 com.example.baby_alert_app           D    plugin 1: [libMEOW_gift.so]:
2025-09-04 13:04:37.349 24851-24881 libMEOW                 com.example.baby_alert_app           D    plugin 2: [libMEOW_semaphore]:
2025-09-04 13:04:37.357 24851-24881 hw-ProcessState         com.example.baby_alert_app           D  Binder ioctl to enable oneway spam detection failed: Invalid argument
2025-09-04 13:04:37.378 24851-24881 OpenGLRenderer          com.example.baby_alert_app           D  RenderThread::setGrContext()
2025-09-04 13:04:37.429 24851-24889 ResourceExtractor       com.example.baby_alert_app           I  Found extracted resources res_timestamp-1-1756958635710
2025-09-04 13:04:37.430 24851-24888 FlutterJNI              com.example.baby_alert_app           D  Beginning load of flutter...
2025-09-04 13:04:37.496 24851-24888 nativeloader            com.example.baby_alert_app           D  Load /data/app/~~H-gS5F89AZ007Pr6RlTy0g==/com.example.baby_alert_app-lLynyaePZT4PgnCfx9_KaQ==/base.apk!/lib/arm64-v8a/libflutter.so using class loader ns clns-4 (caller=/data/app/~~H-gS5F89AZ007Pr6RlTy0g==/com.example.baby_alert_app-lLynyaePZT4PgnCfx9_KaQ==/base.apk): ok
2025-09-04 13:04:37.499 24851-24888 FlutterJNI              com.example.baby_alert_app           D  flutter (null) was loaded normally!
2025-09-04 13:04:37.577 24851-24851 .baby_alert_ap          com.example.baby_alert_app           E  hiddenapi: Accessing hidden method Landroid/view/SurfaceControl$Builder;->setHidden(Z)Landroid/view/SurfaceControl$Builder; (runtime_flags=0, domain=platform, api=blocked) from /data/app/~~H-gS5F89AZ007Pr6RlTy0g==/com.example.baby_alert_app-lLynyaePZT4PgnCfx9_KaQ==/base.apk (domain=app) using linking: denied
2025-09-04 13:04:37.626 24851-24896 vulkan                  com.example.baby_alert_app           D  searching for layers in '/data/app/~~H-gS5F89AZ007Pr6RlTy0g==/com.example.baby_alert_app-lLynyaePZT4PgnCfx9_KaQ==/lib/arm64'
2025-09-04 13:04:37.627 24851-24896 vulkan                  com.example.baby_alert_app           D  searching for layers in '/data/app/~~H-gS5F89AZ007Pr6RlTy0g==/com.example.baby_alert_app-lLynyaePZT4PgnCfx9_KaQ==/base.apk!/lib/arm64-v8a'
2025-09-04 13:04:37.639 24851-24896 vulkan                  com.example.baby_alert_app           D  added global layer 'VK_LAYER_KHRONOS_validation' from library '/data/app/~~H-gS5F89AZ007Pr6RlTy0g==/com.example.baby_alert_app-lLynyaePZT4PgnCfx9_KaQ==/base.apk!/lib/arm64-v8a/libVkLayer_khronos_validation.so'
2025-09-04 13:04:37.641 24851-24896 vulkan                  com.example.baby_alert_app           D  searching for layers in '/vendor/lib64'
2025-09-04 13:04:37.643 24851-24896 libc                    com.example.baby_alert_app           E  Access denied finding property "vendor.debug.forcibly_enable_mtk_ray_tracing"
2025-09-04 13:04:37.826 24851-24896 flutter                 com.example.baby_alert_app           I  [IMPORTANT:flutter/shell/platform/android/android_context_vk_impeller.cc(62)] Using the Impeller rendering backend (Vulkan).
2025-09-04 13:04:37.835 24851-24896 libMEOW                 com.example.baby_alert_app           D  meow new tls: 0xb4000078baaa1080
2025-09-04 13:04:37.835 24851-24896 libMEOW                 com.example.baby_alert_app           D  applied 2 plugins for [com.example.baby_alert_app]:
2025-09-04 13:04:37.835 24851-24896 libMEOW                 com.example.baby_alert_app           D    plugin 1: [libMEOW_gift.so]:
2025-09-04 13:04:37.835 24851-24896 libMEOW                 com.example.baby_alert_app           D    plugin 2: [libMEOW_semaphore]:
2025-09-04 13:04:37.859 24851-24896 flutter                 com.example.baby_alert_app           I  [IMPORTANT:flutter/shell/platform/android/android_context_gl_impeller.cc(104)] Using the Impeller rendering backend (OpenGLES).
2025-09-04 13:04:37.860 24851-24897 libMEOW                 com.example.baby_alert_app           D  meow new tls: 0xb4000078e0f1f400
2025-09-04 13:04:37.860 24851-24897 libMEOW                 com.example.baby_alert_app           D  applied 2 plugins for [com.example.baby_alert_app]:
2025-09-04 13:04:37.860 24851-24897 libMEOW                 com.example.baby_alert_app           D    plugin 1: [libMEOW_gift.so]:
2025-09-04 13:04:37.860 24851-24897 libMEOW                 com.example.baby_alert_app           D    plugin 2: [libMEOW_semaphore]:
2025-09-04 13:04:38.129 24851-24908 flutter                 com.example.baby_alert_app           I  The Dart VM service is listening on http://127.0.0.1:40813/sY1o3n_4lYo=/
2025-09-04 13:04:38.617 24851-24851 [FBP-Android]           com.example.baby_alert_app           D  [FBP] onAttachedToEngine
2025-09-04 13:04:38.623 24851-24851 [FBP-Android]           com.example.baby_alert_app           D  [FBP] onAttachedToActivity
2025-09-04 13:04:38.754 24851-24851 .baby_alert_ap          com.example.baby_alert_app           I  hiddenapi: Accessing hidden method Landroid/view/accessibility/AccessibilityNodeInfo;->getSourceNodeId()J (runtime_flags=0, domain=platform, api=unsupported,test-api) from Lio/flutter/view/AccessibilityViewEmbedder$ReflectionAccessors; (domain=app) using reflection: allowed
2025-09-04 13:04:38.754 24851-24851 .baby_alert_ap          com.example.baby_alert_app           I  hiddenapi: Accessing hidden method Landroid/view/accessibility/AccessibilityRecord;->getSourceNodeId()J (runtime_flags=0, domain=platform, api=unsupported) from Lio/flutter/view/AccessibilityViewEmbedder$ReflectionAccessors; (domain=app) using reflection: allowed
2025-09-04 13:04:38.754 24851-24851 .baby_alert_ap          com.example.baby_alert_app           I  hiddenapi: Accessing hidden field Landroid/view/accessibility/AccessibilityNodeInfo;->mChildNodeIds:Landroid/util/LongArray; (runtime_flags=0, domain=platform, api=unsupported) from Lio/flutter/view/AccessibilityViewEmbedder$ReflectionAccessors; (domain=app) using reflection: allowed
2025-09-04 13:04:38.754 24851-24851 .baby_alert_ap          com.example.baby_alert_app           I  hiddenapi: Accessing hidden method Landroid/util/LongArray;->get(I)J (runtime_flags=0, domain=platform, api=unsupported) from Lio/flutter/view/AccessibilityViewEmbedder$ReflectionAccessors; (domain=app) using reflection: allowed
2025-09-04 13:04:38.800 24851-24851 DecorView               com.example.baby_alert_app           I  [INFO] isPopOver=false, config=true
2025-09-04 13:04:38.800 24851-24851 DecorView               com.example.baby_alert_app           I  updateCaptionType >> DecorView@43807dc[], isFloating=false, isApplication=true, hasWindowControllerCallback=true, hasWindowDecorCaption=false
2025-09-04 13:04:38.801 24851-24851 DecorView               com.example.baby_alert_app           D  setCaptionType = 0, this = DecorView@43807dc[]
2025-09-04 13:04:38.809 24851-24851 DecorView               com.example.baby_alert_app           I  getCurrentDensityDpi: from real metrics. densityDpi=300 msg=resources_loaded
2025-09-04 13:04:38.840 24851-24851 DecorView               com.example.baby_alert_app           I  notifyKeepScreenOnChanged: keepScreenOn=false
2025-09-04 13:04:38.851 24851-24851 ViewRootIm...nActivity] com.example.baby_alert_app           I  setView = com.android.internal.policy.DecorView@43807dc TM=true
2025-09-04 13:04:39.501 24851-24851 Choreographer           com.example.baby_alert_app           I  Skipped 129 frames!  The application may be doing too much work on its main thread.
2025-09-04 13:04:39.682 24851-24851 SurfaceView@c06692d     com.example.baby_alert_app           I  onWindowVisibilityChanged(0) true io.flutter.embedding.android.FlutterSurfaceView{c06692d V.E...... ......I. 0,0-0,0} of ViewRootImpl@c5a8586[MainActivity]
2025-09-04 13:04:39.691   946-1648  BufferQueueDebug        surfaceflinger                       E  [com.example.baby_alert_app/com.example.baby_alert_app.MainActivity$_24851#0](this:0xb400006f5cde0948,id:-1,api:0,p:-1,c:-1) id info cannot be read from 'com.example.baby_alert_app/com.example.baby_alert_app.MainActivity$_24851#0'
2025-09-04 13:04:39.704 24851-24851 BufferQueueConsumer     com.example.baby_alert_app           I  [](id:611300000000,api:0,p:-1,c:24851) connect: controlledByApp=false
2025-09-04 13:04:39.707 24851-24851 BLASTBufferQueue        com.example.baby_alert_app           I  [ViewRootImpl@c5a8586[MainActivity]#0] constructor()
2025-09-04 13:04:39.711 24851-24851 ViewRootIm...nActivity] com.example.baby_alert_app           I  Relayout returned: old=(0,0,720,1600) new=(0,0,720,1600) req=(720,1600)0 dur=14 res=0x7 s={true -5476376625953058816} ch=true fn=-1
2025-09-04 13:04:39.714 24851-24881 BufferQueueProducer     com.example.baby_alert_app           I  [ViewRootImpl@c5a8586[MainActivity]#0(BLAST Consumer)0](id:611300000000,api:1,p:24851,c:24851) connect: api=1 producerControlledByApp=true
2025-09-04 13:04:39.715 24851-24881 OpenGLRenderer          com.example.baby_alert_app           D  eglCreateWindowSurface
2025-09-04 13:04:39.729 24851-24851 SurfaceView@c06692d     com.example.baby_alert_app           I  windowStopped(false) true io.flutter.embedding.android.FlutterSurfaceView{c06692d V.E...... ......ID 0,0-720,1510} of ViewRootImpl@c5a8586[MainActivity]
2025-09-04 13:04:39.730 24851-24851 ViewRootIm...nActivity] com.example.baby_alert_app           I  [DP] dp(1) 1 android.view.ViewRootImpl.reportNextDraw:11420 android.view.ViewRootImpl.performTraversals:4193 android.view.ViewRootImpl.doTraversal:2919 
2025-09-04 13:04:39.735   946-1648  BufferQueueDebug        surfaceflinger                       E  [SurfaceView - com.example.baby_alert_app/com.example.baby_alert_app.MainActivity@c06692d@0(BLAST)#0](this:0xb400006f5cde3948,id:-1,api:0,p:-1,c:-1) id info cannot be read from 'SurfaceView - com.example.baby_alert_app/com.example.baby_alert_app.MainActivity@c06692d@0(BLAST)#0'
2025-09-04 13:04:39.737 24851-24851 BufferQueueConsumer     com.example.baby_alert_app           I  [](id:611300000001,api:0,p:-1,c:24851) connect: controlledByApp=false
2025-09-04 13:04:39.737 24851-24851 BLASTBufferQueue        com.example.baby_alert_app           I  [SurfaceView - com.example.baby_alert_app/com.example.baby_alert_app.MainActivity@c06692d@0#1] constructor()
2025-09-04 13:04:39.738 24851-24851 SurfaceView@c06692d     com.example.baby_alert_app           I  pST: sr = Rect(0, 0 - 720, 1510) sw = 720 sh = 1510
2025-09-04 13:04:39.738 24851-24851 SurfaceView@c06692d     com.example.baby_alert_app           I  onSSPAndSRT: pl = 0 pt = 0 sx = 1.0 sy = 1.0
2025-09-04 13:04:39.739 24851-24851 SurfaceView@c06692d     com.example.baby_alert_app           I  pST: mTmpTransaction.apply, mTmpTransaction = android.view.SurfaceControl$Transaction@9180c27
2025-09-04 13:04:39.741 24851-24851 SurfaceView@c06692d     com.example.baby_alert_app           I  updateSurface: mVisible = true mSurface.isValid() = true
2025-09-04 13:04:39.741 24851-24851 SurfaceView@c06692d     com.example.baby_alert_app           I  updateSurface: mSurfaceCreated = false surfaceChanged = true visibleChanged = true
2025-09-04 13:04:39.741 24851-24851 SurfaceView@c06692d     com.example.baby_alert_app           I  surfaceCreated 1 #8 io.flutter.embedding.android.FlutterSurfaceView{c06692d V.E...... ......ID 0,0-720,1510}
2025-09-04 13:04:39.741 24851-24896 BufferQueueProducer     com.example.baby_alert_app           I  [SurfaceView - com.example.baby_alert_app/com.example.baby_alert_app.MainActivity@c06692d@0#1(BLAST Consumer)1](id:611300000001,api:1,p:24851,c:24851) connect: api=1 producerControlledByApp=true
2025-09-04 13:04:39.749 24851-24896 ion                     com.example.baby_alert_app           E  ioctl c0044901 failed with code -1: Invalid argument
2025-09-04 13:04:39.824 24851-24851 SurfaceView@c06692d     com.example.baby_alert_app           I  surfaceChanged (720,1510) 1 #8 io.flutter.embedding.android.FlutterSurfaceView{c06692d V.E...... ......ID 0,0-720,1510}
2025-09-04 13:04:39.827 24851-24896 BufferQueueProducer     com.example.baby_alert_app           I  [SurfaceView - com.example.baby_alert_app/com.example.baby_alert_app.MainActivity@c06692d@0#1(BLAST Consumer)1](id:611300000001,api:1,p:24851,c:24851) disconnect: api 1
2025-09-04 13:04:39.828 24851-24896 BufferQueueProducer     com.example.baby_alert_app           I  [SurfaceView - com.example.baby_alert_app/com.example.baby_alert_app.MainActivity@c06692d@0#1(BLAST Consumer)1](id:611300000001,api:1,p:24851,c:24851) connect: api=1 producerControlledByApp=true
2025-09-04 13:04:39.833 24851-24851 ViewRootIm...nActivity] com.example.baby_alert_app           I  [DP] dp(2) 1 android.view.SurfaceView.updateSurface:1375 android.view.SurfaceView.lambda$new$1$SurfaceView:254 android.view.SurfaceView$$ExternalSyntheticLambda2.onPreDraw:2 
2025-09-04 13:04:39.888 24851-24855 .baby_alert_ap          com.example.baby_alert_app           I  Compiler allocated 4386KB to compile void android.view.ViewRootImpl.performTraversals()
2025-09-04 13:04:39.924 24851-24851 FlutterWebRTCPlugin     com.example.baby_alert_app           W  audioFocusChangeListener [Earpiece(name=Earpiece)] Earpiece(name=Earpiece)
2025-09-04 13:04:39.925 24851-24851 FlutterWebRTCPlugin     com.example.baby_alert_app           W  audioFocusChangeListener [Speakerphone(name=Speakerphone), Earpiece(name=Earpiece)] Speakerphone(name=Speakerphone)
2025-09-04 13:04:39.961 24851-24851 InsetsSourceConsumer    com.example.baby_alert_app           D  ensureControlAlpha: for ITYPE_NAVIGATION_BAR on com.example.baby_alert_app/com.example.baby_alert_app.MainActivity
2025-09-04 13:04:39.963 24851-24851 InsetsSourceConsumer    com.example.baby_alert_app           D  ensureControlAlpha: for ITYPE_STATUS_BAR on com.example.baby_alert_app/com.example.baby_alert_app.MainActivity
2025-09-04 13:04:39.980 24851-24851 Compatibil...geReporter com.example.baby_alert_app           D  Compat change id reported: 160794467; UID 10255; state: ENABLED
