2025-09-04 12:55:12.953 24251-24251 InputMethodManager      com.example.baby_alert_app           D  startInputInner - Id : 0
2025-09-04 12:55:12.953 24251-24251 InputMethodManager      com.example.baby_alert_app           I  startInputInner - mService.startInputOrWindowGainedFocus
2025-09-04 12:55:12.964 24251-24251 DecorView               com.example.baby_alert_app           I  notifyKeepScreenOnChanged: keepScreenOn=false
2025-09-04 12:55:12.975 24251-24251 ViewRootIm...nActivity] com.example.baby_alert_app           I  Relayout returned: old=(0,0,720,1600) new=(0,0,720,1600) req=(720,1600)0 dur=7 res=0x1 s={true -5476376627730857984} ch=false fn=2
2025-09-04 12:55:12.978 24251-24251 ViewRootIm...nActivity] com.example.baby_alert_app           I  updateBoundsLayer: t = android.view.SurfaceControl$Transaction@a5cff91 sc = Surface(name=Bounds for - com.example.baby_alert_app/com.example.baby_alert_app.MainActivity@0)/@0xa9d2ef6 frame = 2
2025-09-04 12:55:12.978 24251-24251 ViewRootIm...nActivity] com.example.baby_alert_app           I  mWNT: t = android.view.SurfaceControl$Transaction@a5cff91 fN = 2 android.view.ViewRootImpl.prepareSurfaces:2778 android.view.ViewRootImpl.performTraversals:4024 android.view.ViewRootImpl.doTraversal:2919 
2025-09-04 12:55:12.978 24251-24251 ViewRootIm...nActivity] com.example.baby_alert_app           I  mWNT: merge t to BBQ
2025-09-04 12:55:12.983 24251-24251 InputMethodManager      com.example.baby_alert_app           D  startInputInner - Id : 0
2025-09-04 12:55:13.602 24251-24251 ViewRootIm...nActivity] com.example.baby_alert_app           I  ViewPostIme pointer 0
2025-09-04 12:55:13.776 24251-24251 ViewRootIm...nActivity] com.example.baby_alert_app           I  ViewPostIme pointer 1
2025-09-04 12:55:16.002 24251-24251 ViewRootIm...nActivity] com.example.baby_alert_app           I  ViewPostIme pointer 0
2025-09-04 12:55:16.155 24251-24251 ViewRootIm...nActivity] com.example.baby_alert_app           I  ViewPostIme pointer 1
2025-09-04 12:55:18.698 24251-24251 ViewRootIm...nActivity] com.example.baby_alert_app           I  stopped(false) old=false
2025-09-04 12:55:18.703 24251-24251 DecorView               com.example.baby_alert_app           I  notifyKeepScreenOnChanged: keepScreenOn=false
2025-09-04 12:55:18.820 24251-24251 ViewRootIm...nActivity] com.example.baby_alert_app           I  Relayout returned: old=(0,0,720,1600) new=(0,0,720,1600) req=(720,1600)0 dur=6 res=0x1 s={true -5476376627730857984} ch=false fn=3
2025-09-04 12:55:18.820 24251-24251 ViewRootIm...nActivity] com.example.baby_alert_app           I  updateBoundsLayer: t = android.view.SurfaceControl$Transaction@a5cff91 sc = Surface(name=Bounds for - com.example.baby_alert_app/com.example.baby_alert_app.MainActivity@0)/@0xa9d2ef6 frame = 3
2025-09-04 12:55:18.821 24251-24251 ViewRootIm...nActivity] com.example.baby_alert_app           I  mWNT: t = android.view.SurfaceControl$Transaction@a5cff91 fN = 3 android.view.ViewRootImpl.prepareSurfaces:2778 android.view.ViewRootImpl.performTraversals:4024 android.view.ViewRootImpl.doTraversal:2919 
2025-09-04 12:55:18.821 24251-24251 ViewRootIm...nActivity] com.example.baby_alert_app           I  mWNT: merge t to BBQ
2025-09-04 12:55:19.259 24251-24251 ViewRootIm...nActivity] com.example.baby_alert_app           I  stopped(false) old=false
2025-09-04 12:55:19.664 24251-24251 ViewRootIm...nActivity] com.example.baby_alert_app           I  ViewPostIme pointer 0
2025-09-04 12:55:19.761 24251-24251 ViewRootIm...nActivity] com.example.baby_alert_app           I  ViewPostIme pointer 1
2025-09-04 12:55:53.193 24251-24251 InputMethodManager      com.example.baby_alert_app           D  startInputInner - Id : 0
2025-09-04 12:55:53.193 24251-24251 InputMethodManager      com.example.baby_alert_app           I  startInputInner - mService.startInputOrWindowGainedFocus
2025-09-04 12:55:53.416 24251-24251 InsetsSourceConsumer    com.example.baby_alert_app           D  ensureControlAlpha: for ITYPE_STATUS_BAR on com.example.baby_alert_app/com.example.baby_alert_app.MainActivity
2025-09-04 12:55:53.599 24251-24251 ViewRootIm...nActivity] com.example.baby_alert_app           I  handleAppVisibility mAppVisible=true visible=false
2025-09-04 12:55:53.599 24251-24251 ViewRootIm...nActivity] com.example.baby_alert_app           I  MSG_WINDOW_FOCUS_CHANGED 0 1
2025-09-04 12:55:53.613 24251-24251 SurfaceView@7c290b0     com.example.baby_alert_app           I  onWindowVisibilityChanged(8) false io.flutter.embedding.android.FlutterSurfaceView{7c290b0 V.E...... ........ 0,0-720,1510} of ViewRootImpl@f80f79d[MainActivity]
2025-09-04 12:55:53.614 24251-24251 SurfaceView@7c290b0     com.example.baby_alert_app           I  pST: mTmpTransaction.apply, mTmpTransaction = android.view.SurfaceControl$Transaction@d577440
2025-09-04 12:55:53.614 24251-24251 SurfaceView@7c290b0     com.example.baby_alert_app           I  surfaceDestroyed callback.size 1 #2 io.flutter.embedding.android.FlutterSurfaceView{7c290b0 V.E...... ........ 0,0-720,1510}
2025-09-04 12:55:53.618 24251-24307 BufferQueueProducer     com.example.baby_alert_app           I  [SurfaceView - com.example.baby_alert_app/com.example.baby_alert_app.MainActivity@7c290b0@0#1(BLAST Consumer)1](id:5ebb00000001,api:1,p:24251,c:24251) disconnect: api 1
2025-09-04 12:55:53.619 24251-24251 BufferQueueProducer     com.example.baby_alert_app           I  [SurfaceView - com.example.baby_alert_app/com.example.baby_alert_app.MainActivity@7c290b0@0#1(BLAST Consumer)1](id:5ebb00000001,api:0,p:-1,c:24251) disconnect: api -1
2025-09-04 12:55:53.619 24251-24251 SurfaceView@7c290b0     com.example.baby_alert_app           I  updateSurface: mVisible = false mSurface.isValid() = true
2025-09-04 12:55:53.620 24251-24251 SurfaceView@7c290b0     com.example.baby_alert_app           I  tryReleaseSurfaces: set mRtReleaseSurfaces = true
2025-09-04 12:55:53.621 24251-24300 SurfaceView@7c290b0     com.example.baby_alert_app           I  124781670 wPL, frameNr = 0
2025-09-04 12:55:53.621 24251-24300 SurfaceView@7c290b0     com.example.baby_alert_app           I  remove() from RT android.view.SurfaceView$SurfaceViewPositionUpdateListener@7700466 Surface(name=SurfaceView - com.example.baby_alert_app/com.example.baby_alert_app.MainActivity@7c290b0@0)/@0x8ed23a7
2025-09-04 12:55:53.621 24251-24300 SurfaceView@7c290b0     com.example.baby_alert_app           I  remove() io.flutter.embedding.android.FlutterSurfaceView{7c290b0 V.E...... ........ 0,0-720,1510} Surface(name=SurfaceView - com.example.baby_alert_app/com.example.baby_alert_app.MainActivity@7c290b0@0)/@0x8ed23a7
2025-09-04 12:55:53.622 24251-24300 SurfaceView@7c290b0     com.example.baby_alert_app           I  aOrMT: uB = true t = android.view.SurfaceControl$Transaction@56800f2 fN = 0 android.view.SurfaceView.access$500:124 android.view.SurfaceView$SurfaceViewPositionUpdateListener.positionLost:1785 android.graphics.RenderNode$CompositePositionUpdateListener.positionLost:326 
2025-09-04 12:55:53.622 24251-24300 SurfaceView@7c290b0     com.example.baby_alert_app           I  aOrMT: vR.mWNT, vR = ViewRootImpl@f80f79d[MainActivity]
2025-09-04 12:55:53.622 24251-24300 ViewRootIm...nActivity] com.example.baby_alert_app           I  mWNT: t = android.view.SurfaceControl$Transaction@56800f2 fN = 0 android.view.SurfaceView.applyOrMergeTransaction:1628 android.view.SurfaceView.access$500:124 android.view.SurfaceView$SurfaceViewPositionUpdateListener.positionLost:1785 
2025-09-04 12:55:53.622 24251-24300 ViewRootIm...nActivity] com.example.baby_alert_app           I  mWNT: merge t to BBQ
2025-09-04 12:55:53.633 24251-24300 OpenGLRenderer          com.example.baby_alert_app           D  setSurface called with nullptr
2025-09-04 12:55:53.633 24251-24300 OpenGLRenderer          com.example.baby_alert_app           D  setSurface() destroyed EGLSurface
2025-09-04 12:55:53.633 24251-24300 OpenGLRenderer          com.example.baby_alert_app           D  destroyEglSurface
2025-09-04 12:55:53.635 24251-24300 BufferQueueProducer     com.example.baby_alert_app           I  [ViewRootImpl@f80f79d[MainActivity]#0(BLAST Consumer)0](id:5ebb00000000,api:1,p:24251,c:24251) disconnect: api 1
2025-09-04 12:55:53.646 24251-24251 BLASTBufferQueue        com.example.baby_alert_app           I  [ViewRootImpl@f80f79d[MainActivity]#0] destructor()
2025-09-04 12:55:53.647 24251-24251 BufferQueueConsumer     com.example.baby_alert_app           I  [ViewRootImpl@f80f79d[MainActivity]#0(BLAST Consumer)0](id:5ebb00000000,api:0,p:-1,c:24251) disconnect
2025-09-04 12:55:53.649 24251-24251 ViewRootIm...nActivity] com.example.baby_alert_app           I  Relayout returned: old=(0,0,720,1600) new=(0,0,720,1600) req=(720,1600)8 dur=10 res=0x5 s={false 0} ch=true fn=4
2025-09-04 12:55:53.650 24251-24251 SurfaceView@7c290b0     com.example.baby_alert_app           I  windowStopped(true) false io.flutter.embedding.android.FlutterSurfaceView{7c290b0 V.E...... ........ 0,0-720,1510} of ViewRootImpl@f80f79d[MainActivity]
2025-09-04 12:55:53.650 24251-24251 SurfaceView@7c290b0     com.example.baby_alert_app           D  updateSurface: surface is not valid
2025-09-04 12:55:53.651 24251-24251 SurfaceView@7c290b0     com.example.baby_alert_app           D  updateSurface: surface is not valid
2025-09-04 12:55:53.657 24251-24251 ViewRootIm...nActivity] com.example.baby_alert_app           I  stopped(true) old=false
2025-09-04 12:55:53.661 24251-24251 SurfaceView@7c290b0     com.example.baby_alert_app           D  updateSurface: surface is not valid
2025-09-04 12:55:53.677 24251-24251 SurfaceView@7c290b0     com.example.baby_alert_app           D  updateSurface: surface is not valid
2025-09-04 12:55:53.680  1291-2607  WindowManager           system_server                        E  win=Window{84f6c11 u0 com.example.baby_alert_app/com.example.baby_alert_app.MainActivity} destroySurfaces: appStopped=true win.mWindowRemovalAllowed=false win.mRemoveOnExit=false win.mViewVisibility=8 caller=com.android.server.wm.ActivityRecord.destroySurfaces:5873 com.android.server.wm.ActivityRecord.destroySurfaces:5854 com.android.server.wm.ActivityRecord.notifyAppStopped:5918 com.android.server.wm.ActivityRecord.activityStopped:6560 com.android.server.wm.ActivityClientController.activityStopped:265 android.app.IActivityClientController$Stub.onTransact:596 com.android.server.wm.ActivityClientController.onTransact:141 
2025-09-04 13:00:09.016 24251-24251 flutter                 com.example.baby_alert_app           I   [Background] WebSocket disconnected. Reconnecting...
2025-09-04 13:00:14.021 24251-24251 flutter                 com.example.baby_alert_app           I   [Background] WebSocket Connected!
2025-09-04 13:00:14.022 24251-24251 flutter                 com.example.baby_alert_app           I  [Background] Sent registration message for app-001
2025-09-04 13:03:44.556 24251-24251 SurfaceView@7c290b0     com.example.baby_alert_app           D  updateSurface: surface is not valid
2025-09-04 13:03:45.531 24251-24251 ViewRootIm...nActivity] com.example.baby_alert_app           I  handleAppVisibility mAppVisible=false visible=true
2025-09-04 13:03:45.543 24251-24251 SurfaceView@7c290b0     com.example.baby_alert_app           I  onWindowVisibilityChanged(4) false io.flutter.embedding.android.FlutterSurfaceView{7c290b0 G.E...... ......I. 0,0-720,1510} of ViewRootImpl@f80f79d[MainActivity]
2025-09-04 13:03:45.544 24251-24251 SurfaceView@7c290b0     com.example.baby_alert_app           D  updateSurface: surface is not valid
2025-09-04 13:03:45.545 24251-24300 OpenGLRenderer          com.example.baby_alert_app           D  setSurface called with nullptr
2025-09-04 13:03:45.554 24251-24251 ViewRootIm...nActivity] com.example.baby_alert_app           I  Relayout returned: old=(0,0,720,1600) new=(0,0,720,1600) req=(720,1600)4 dur=8 res=0x1 s={false 0} ch=false fn=-1
2025-09-04 13:03:45.557 24251-24251 SurfaceView@7c290b0     com.example.baby_alert_app           D  updateSurface: surface is not valid
2025-09-04 13:03:45.558 24251-24251 ViewRootIm...nActivity] com.example.baby_alert_app           I  stopped(false) old=true
2025-09-04 13:03:45.559 24251-24251 SurfaceView@7c290b0     com.example.baby_alert_app           D  updateSurface: surface is not valid
2025-09-04 13:03:45.561 24251-24251 ViewRootIm...nActivity] com.example.baby_alert_app           I  stopped(false) old=false
2025-09-04 13:03:45.648 24251-24251 SurfaceView@7c290b0     com.example.baby_alert_app           I  onWindowVisibilityChanged(0) false io.flutter.embedding.android.FlutterSurfaceView{7c290b0 V.E...... ......ID 0,0-720,1510} of ViewRootImpl@f80f79d[MainActivity]
2025-09-04 13:03:45.648 24251-24251 SurfaceView@7c290b0     com.example.baby_alert_app           D  updateSurface: surface is not valid
2025-09-04 13:03:45.651 24251-24300 OpenGLRenderer          com.example.baby_alert_app           D  setSurface called with nullptr
2025-09-04 13:03:45.653   946-1648  BufferQueueDebug        surfaceflinger                       E  [com.example.baby_alert_app/com.example.baby_alert_app.MainActivity$_24251#0](this:0xb400006f5cdd6948,id:-1,api:0,p:-1,c:-1) id info cannot be read from 'com.example.baby_alert_app/com.example.baby_alert_app.MainActivity$_24251#0'
2025-09-04 13:03:45.665 24251-24251 BufferQueueConsumer     com.example.baby_alert_app           I  [](id:5ebb00000002,api:0,p:-1,c:24251) connect: controlledByApp=false
2025-09-04 13:03:45.666 24251-24251 BLASTBufferQueue        com.example.baby_alert_app           I  [ViewRootImpl@f80f79d[MainActivity]#2] constructor()
2025-09-04 13:03:45.667 24251-24251 ViewRootIm...nActivity] com.example.baby_alert_app           I  Relayout returned: old=(0,0,720,1600) new=(0,0,720,1600) req=(720,1600)0 dur=13 res=0x7 s={true -5476376628526563328} ch=true fn=-1
2025-09-04 13:03:45.671 24251-24300 BufferQueueProducer     com.example.baby_alert_app           I  [ViewRootImpl@f80f79d[MainActivity]#2(BLAST Consumer)2](id:5ebb00000002,api:1,p:24251,c:24251) connect: api=1 producerControlledByApp=true
2025-09-04 13:03:45.671 24251-24251 SurfaceView@7c290b0     com.example.baby_alert_app           I  windowStopped(false) true io.flutter.embedding.android.FlutterSurfaceView{7c290b0 V.E...... ......ID 0,0-720,1510} of ViewRootImpl@f80f79d[MainActivity]
2025-09-04 13:03:45.672 24251-24300 OpenGLRenderer          com.example.baby_alert_app           D  eglCreateWindowSurface
2025-09-04 13:03:45.674   946-1002  BufferQueueDebug        surfaceflinger                       E  [SurfaceView - com.example.baby_alert_app/com.example.baby_alert_app.MainActivity@7c290b0@1(BLAST)#0](this:0xb400006f5ac58948,id:-1,api:0,p:-1,c:-1) id info cannot be read from 'SurfaceView - com.example.baby_alert_app/com.example.baby_alert_app.MainActivity@7c290b0@1(BLAST)#0'
2025-09-04 13:03:45.676 24251-24251 BufferQueueConsumer     com.example.baby_alert_app           I  [](id:5ebb00000003,api:0,p:-1,c:24251) connect: controlledByApp=false
2025-09-04 13:03:45.677 24251-24251 BLASTBufferQueue        com.example.baby_alert_app           I  [SurfaceView - com.example.baby_alert_app/com.example.baby_alert_app.MainActivity@7c290b0@1#3] constructor()
2025-09-04 13:03:45.677 24251-24251 SurfaceView@7c290b0     com.example.baby_alert_app           I  pST: sr = Rect(0, 0 - 720, 1510) sw = 720 sh = 1510
2025-09-04 13:03:45.677 24251-24251 SurfaceView@7c290b0     com.example.baby_alert_app           I  onSSPAndSRT: pl = 0 pt = 0 sx = 1.0 sy = 1.0
2025-09-04 13:03:45.678 24251-24251 SurfaceView@7c290b0     com.example.baby_alert_app           I  pST: mTmpTransaction.apply, mTmpTransaction = android.view.SurfaceControl$Transaction@d577440
2025-09-04 13:03:45.678 24251-24251 SurfaceView@7c290b0     com.example.baby_alert_app           I  updateSurface: mVisible = true mSurface.isValid() = true
2025-09-04 13:03:45.679 24251-24251 SurfaceView@7c290b0     com.example.baby_alert_app           I  updateSurface: mSurfaceCreated = false surfaceChanged = true visibleChanged = true
2025-09-04 13:03:45.679 24251-24251 SurfaceView@7c290b0     com.example.baby_alert_app           I  surfaceCreated 1 #1 io.flutter.embedding.android.FlutterSurfaceView{7c290b0 V.E...... ......ID 0,0-720,1510}
2025-09-04 13:03:45.679 24251-24307 BLASTBufferQueue        com.example.baby_alert_app           I  [SurfaceView - com.example.baby_alert_app/com.example.baby_alert_app.MainActivity@7c290b0@0#1] destructor()
2025-09-04 13:03:45.679 24251-24307 BufferQueueConsumer     com.example.baby_alert_app           I  [SurfaceView - com.example.baby_alert_app/com.example.baby_alert_app.MainActivity@7c290b0@0#1(BLAST Consumer)1](id:5ebb00000001,api:0,p:-1,c:24251) disconnect
2025-09-04 13:03:45.681 24251-24307 BufferQueueProducer     com.example.baby_alert_app           I  [SurfaceView - com.example.baby_alert_app/com.example.baby_alert_app.MainActivity@7c290b0@1#3(BLAST Consumer)3](id:5ebb00000003,api:1,p:24251,c:24251) connect: api=1 producerControlledByApp=true
2025-09-04 13:03:45.695 24251-24251 SurfaceView@7c290b0     com.example.baby_alert_app           I  surfaceChanged (720,1510) 1 #1 io.flutter.embedding.android.FlutterSurfaceView{7c290b0 V.E...... ......ID 0,0-720,1510}
2025-09-04 13:03:45.701 24251-24307 BufferQueueProducer     com.example.baby_alert_app           I  [SurfaceView - com.example.baby_alert_app/com.example.baby_alert_app.MainActivity@7c290b0@1#3(BLAST Consumer)3](id:5ebb00000003,api:1,p:24251,c:24251) disconnect: api 1
2025-09-04 13:03:45.701 24251-24307 BufferQueueProducer     com.example.baby_alert_app           I  [SurfaceView - com.example.baby_alert_app/com.example.baby_alert_app.MainActivity@7c290b0@1#3(BLAST Consumer)3](id:5ebb00000003,api:1,p:24251,c:24251) connect: api=1 producerControlledByApp=true
2025-09-04 13:03:45.709 24251-24251 ViewRootIm...nActivity] com.example.baby_alert_app           I  [DP] dp(1) 1 android.view.SurfaceView.updateSurface:1375 android.view.SurfaceView.setWindowStopped:383 android.view.SurfaceView.surfaceCreated:2051 
2025-09-04 13:03:45.710 24251-24251 ViewRootIm...nActivity] com.example.baby_alert_app           I  [DP] dp(2) 1 android.view.ViewRootImpl.reportNextDraw:11420 android.view.ViewRootImpl.performTraversals:4193 android.view.ViewRootImpl.doTraversal:2919 
2025-09-04 13:03:45.710 24251-24251 ViewRootIm...nActivity] com.example.baby_alert_app           D  Creating frameDrawingCallback nextDrawUseBlastSync=false reportNextDraw=true hasBlurUpdates=false
2025-09-04 13:03:45.710 24251-24251 ViewRootIm...nActivity] com.example.baby_alert_app           D  Creating frameCompleteCallback
2025-09-04 13:03:45.718 24251-24367 SurfaceView@7c290b0     com.example.baby_alert_app           I  uSP: rtp = Rect(0, 0 - 720, 1510) rtsw = 720 rtsh = 1510
2025-09-04 13:03:45.718 24251-24367 SurfaceView@7c290b0     com.example.baby_alert_app           I  onSSPAndSRT: pl = 0 pt = 0 sx = 1.0 sy = 1.0
2025-09-04 13:03:45.719 24251-24367 SurfaceView@7c290b0     com.example.baby_alert_app           I  aOrMT: uB = true t = android.view.SurfaceControl$Transaction@804e7bb fN = 1 android.view.SurfaceView.access$500:124 android.view.SurfaceView$SurfaceViewPositionUpdateListener.positionChanged:1728 android.graphics.RenderNode$CompositePositionUpdateListener.positionChanged:319 
2025-09-04 13:03:45.719 24251-24367 SurfaceView@7c290b0     com.example.baby_alert_app           I  aOrMT: vR.mWNT, vR = ViewRootImpl@f80f79d[MainActivity]
2025-09-04 13:03:45.719 24251-24367 ViewRootIm...nActivity] com.example.baby_alert_app           I  mWNT: t = android.view.SurfaceControl$Transaction@804e7bb fN = 1 android.view.SurfaceView.applyOrMergeTransaction:1628 android.view.SurfaceView.access$500:124 android.view.SurfaceView$SurfaceViewPositionUpdateListener.positionChanged:1728 
2025-09-04 13:03:45.719 24251-24367 ViewRootIm...nActivity] com.example.baby_alert_app           I  mWNT: merge t to BBQ
2025-09-04 13:03:45.719 24251-24367 ViewRootIm...nActivity] com.example.baby_alert_app           D  Received frameDrawingCallback frameNum=1. Creating transactionCompleteCallback=false
2025-09-04 13:03:45.725 24251-24300 ViewRootIm...nActivity] com.example.baby_alert_app           D  Received frameCompleteCallback  lastAcquiredFrameNum=1 lastAttemptedDrawFrameNum=1
2025-09-04 13:03:45.726 24251-24251 ViewRootIm...nActivity] com.example.baby_alert_app           I  [DP] pdf(1) 1 android.view.ViewRootImpl.lambda$addFrameCompleteCallbackIfNeeded$3$ViewRootImpl:4995 android.view.ViewRootImpl$$ExternalSyntheticLambda16.run:6 android.os.Handler.handleCallback:938 
2025-09-04 13:03:45.726 24251-24251 ViewRootIm...nActivity] com.example.baby_alert_app           D  pendingDrawFinished. Waiting on draw reported mDrawsNeededToReport=1
2025-09-04 13:03:45.728 24251-24251 InsetsSourceConsumer    com.example.baby_alert_app           D  ensureControlAlpha: for ITYPE_NAVIGATION_BAR on com.example.baby_alert_app/com.example.baby_alert_app.MainActivity
2025-09-04 13:03:45.730 24251-24251 InsetsSourceConsumer    com.example.baby_alert_app           D  ensureControlAlpha: for ITYPE_STATUS_BAR on com.example.baby_alert_app/com.example.baby_alert_app.MainActivity
2025-09-04 13:03:45.733 24251-24269 OpenGLRenderer          com.example.baby_alert_app           I  Davey! duration=5037ms; Flags=1, FrameTimelineVsyncId=955140, IntendedVsync=105690807363298, Vsync=105695790696731, InputEventId=0, HandleInputStart=105695799783529, AnimationStart=105695799788606, PerformTraversalsStart=105695799790452, DrawStart=105695805382683, FrameDeadline=105690840696632, FrameInterval=105695799522760, FrameStartTime=16666667, SyncQueued=105695809920221, SyncStart=105695817266068, IssueDrawCommandsStart=105695819137375, SwapBuffers=105695849587529, FrameCompleted=105695852548914, DequeueBufferDuration=0, QueueBufferDuration=2215308, GpuCompleted=105695852548914, SwapBuffersCompleted=105695852548914, DisplayPresentTime=0, 
2025-09-04 13:03:45.803 24251-24251 ViewRootIm...nActivity] com.example.baby_alert_app           I  [DP] pdf(0) 1 android.view.SurfaceView.notifyDrawFinished:599 android.view.SurfaceView.performDrawFinished:586 android.view.SurfaceView.$r8$lambda$st27mCkd9jfJkTrN_P3qIGKX6NY:0 
2025-09-04 13:03:45.803 24251-24251 ViewRootIm...nActivity] com.example.baby_alert_app           I  [DP] rdf()
2025-09-04 13:03:45.803 24251-24251 ViewRootIm...nActivity] com.example.baby_alert_app           D  reportDrawFinished (fn: -1) 
2025-09-04 13:03:45.828 24251-24251 ViewRootIm...nActivity] com.example.baby_alert_app           I  MSG_WINDOW_FOCUS_CHANGED 1 1
2025-09-04 13:03:45.830 24251-24251 InputMethodManager      com.example.baby_alert_app           D  startInputInner - Id : 0
2025-09-04 13:03:45.831 24251-24251 InputMethodManager      com.example.baby_alert_app           I  startInputInner - mService.startInputOrWindowGainedFocus
---------------------------- PROCESS ENDED (24251) for package com.example.baby_alert_app ----------------------------
2025-09-04 13:03:57.020   946-1003  BufferQueueDebug        surfaceflinger                       E  [Splash Screen com.example.baby_alert_app$_20869#0](this:0xb400006f5ceb2948,id:-1,api:0,p:-1,c:-1) id info cannot be read from 'Splash Screen com.example.baby_alert_app$_20869#0'
2025-09-04 13:03:57.193  1291-1524  VerityUtils             system_server                        E  Failed to measure fs-verity, errno 1: /data/app/~~H-gS5F89AZ007Pr6RlTy0g==/com.example.baby_alert_app-lLynyaePZT4PgnCfx9_KaQ==/base.apk
2025-09-04 13:03:57.275 24649-24649 USNET                   pid-24649                            E  USNET: appName: com.example.baby_alert_app
---------------------------- PROCESS STARTED (24649) for package com.example.baby_alert_app ----------------------------
2025-09-04 13:03:57.448 24649-24649 Compatibil...geReporter com.example.baby_alert_app           D  Compat change id reported: 171979766; UID 10255; state: ENABLED
2025-09-04 13:03:57.725  1291-1524  VerityUtils             system_server                        E  Failed to measure fs-verity, errno 1: /data/app/~~H-gS5F89AZ007Pr6RlTy0g==/com.example.baby_alert_app-lLynyaePZT4PgnCfx9_KaQ==/base.apk
2025-09-04 13:03:57.919 24649-24649 nativeloader            com.example.baby_alert_app           D  Configuring clns-4 for other apk /data/app/~~H-gS5F89AZ007Pr6RlTy0g==/com.example.baby_alert_app-lLynyaePZT4PgnCfx9_KaQ==/base.apk. target_sdk_version=36, uses_libraries=, library_path=/data/app/~~H-gS5F89AZ007Pr6RlTy0g==/com.example.baby_alert_app-lLynyaePZT4PgnCfx9_KaQ==/lib/arm64:/data/app/~~H-gS5F89AZ007Pr6RlTy0g==/com.example.baby_alert_app-lLynyaePZT4PgnCfx9_KaQ==/base.apk!/lib/arm64-v8a, permitted_path=/data:/mnt/expand:/data/user/0/com.example.baby_alert_app
2025-09-04 13:03:57.947 24649-24649 GraphicsEnvironment     com.example.baby_alert_app           V  ANGLE Developer option for 'com.example.baby_alert_app' set to: 'default'
2025-09-04 13:03:57.947 24649-24649 GraphicsEnvironment     com.example.baby_alert_app           V  Neither updatable production driver nor prerelease driver is supported.
2025-09-04 13:03:57.955 24649-24649 LoadedApk               com.example.baby_alert_app           D  LoadedApk::makeApplication() appContext.mOpPackageName=com.example.baby_alert_app appContext.mBasePackageName=com.example.baby_alert_app
2025-09-04 13:03:57.955 24649-24649 NetworkSecurityConfig   com.example.baby_alert_app           D  No Network Security Config specified, using platform default
2025-09-04 13:03:58.167 24649-24649 NetworkSecurityConfig   com.example.baby_alert_app           D  No Network Security Config specified, using platform default
2025-09-04 13:03:58.219 24649-24649 ActivityThread          com.example.baby_alert_app           D  handleBindApplication() --
2025-09-04 13:03:58.235 24649-24684 OpenGLRenderer          com.example.baby_alert_app           D  RenderThread::requireGlContext()
2025-09-04 13:03:58.235 24649-24684 libMEOW                 com.example.baby_alert_app           D  meow new tls: 0xb400007949789140
2025-09-04 13:03:58.236 24649-24684 libMEOW                 com.example.baby_alert_app           D  meow reload base cfg path: na
2025-09-04 13:03:58.236 24649-24684 libMEOW                 com.example.baby_alert_app           D  meow reload overlay cfg path: na
2025-09-04 13:03:58.244 24649-24684 QT                      com.example.baby_alert_app           E  [QT]file does not exist
2025-09-04 13:03:58.245 24649-24684 libMEOW                 com.example.baby_alert_app           D  applied 2 plugins for [com.example.baby_alert_app]:
2025-09-04 13:03:58.245 24649-24684 libMEOW                 com.example.baby_alert_app           D    plugin 1: [libMEOW_gift.so]:
2025-09-04 13:03:58.245 24649-24684 libMEOW                 com.example.baby_alert_app           D    plugin 2: [libMEOW_semaphore]:
2025-09-04 13:03:58.257 24649-24684 hw-ProcessState         com.example.baby_alert_app           D  Binder ioctl to enable oneway spam detection failed: Invalid argument
2025-09-04 13:03:58.276 24649-24684 OpenGLRenderer          com.example.baby_alert_app           D  RenderThread::setGrContext()
2025-09-04 13:03:58.334 24649-24688 ResourceExtractor       com.example.baby_alert_app           I  Found extracted resources res_timestamp-1-1756958095810
2025-09-04 13:03:58.335 24649-24688 ResourceExtractor       com.example.baby_alert_app           I  Resource version mismatch res_timestamp-1-1756958635710
2025-09-04 13:03:58.335 24649-24687 FlutterJNI              com.example.baby_alert_app           D  Beginning load of flutter...
2025-09-04 13:03:58.416 24649-24687 nativeloader            com.example.baby_alert_app           D  Load /data/app/~~H-gS5F89AZ007Pr6RlTy0g==/com.example.baby_alert_app-lLynyaePZT4PgnCfx9_KaQ==/base.apk!/lib/arm64-v8a/libflutter.so using class loader ns clns-4 (caller=/data/app/~~H-gS5F89AZ007Pr6RlTy0g==/com.example.baby_alert_app-lLynyaePZT4PgnCfx9_KaQ==/base.apk): ok
2025-09-04 13:03:58.420 24649-24687 FlutterJNI              com.example.baby_alert_app           D  flutter (null) was loaded normally!
2025-09-04 13:03:59.346 24649-24688 ResourceExtractor       com.example.baby_alert_app           I  Extracted baseline resource assets/flutter_assets/kernel_blob.bin
2025-09-04 13:03:59.348 24649-24688 ResourceExtractor       com.example.baby_alert_app           I  Extracted baseline resource assets/flutter_assets/vm_snapshot_data
2025-09-04 13:03:59.524 24649-24688 ResourceExtractor       com.example.baby_alert_app           I  Extracted baseline resource assets/flutter_assets/isolate_snapshot_data
2025-09-04 13:04:00.323 24649-24649 .baby_alert_ap          com.example.baby_alert_app           E  hiddenapi: Accessing hidden method Landroid/view/SurfaceControl$Builder;->setHidden(Z)Landroid/view/SurfaceControl$Builder; (runtime_flags=0, domain=platform, api=blocked) from /data/app/~~H-gS5F89AZ007Pr6RlTy0g==/com.example.baby_alert_app-lLynyaePZT4PgnCfx9_KaQ==/base.apk (domain=app) using linking: denied
2025-09-04 13:04:00.375 24649-24691 vulkan                  com.example.baby_alert_app           D  searching for layers in '/data/app/~~H-gS5F89AZ007Pr6RlTy0g==/com.example.baby_alert_app-lLynyaePZT4PgnCfx9_KaQ==/lib/arm64'
2025-09-04 13:04:00.375 24649-24691 vulkan                  com.example.baby_alert_app           D  searching for layers in '/data/app/~~H-gS5F89AZ007Pr6RlTy0g==/com.example.baby_alert_app-lLynyaePZT4PgnCfx9_KaQ==/base.apk!/lib/arm64-v8a'
2025-09-04 13:04:00.388 24649-24691 vulkan                  com.example.baby_alert_app           D  added global layer 'VK_LAYER_KHRONOS_validation' from library '/data/app/~~H-gS5F89AZ007Pr6RlTy0g==/com.example.baby_alert_app-lLynyaePZT4PgnCfx9_KaQ==/base.apk!/lib/arm64-v8a/libVkLayer_khronos_validation.so'
2025-09-04 13:04:00.390 24649-24691 vulkan                  com.example.baby_alert_app           D  searching for layers in '/vendor/lib64'
2025-09-04 13:04:00.392 24649-24691 libc                    com.example.baby_alert_app           E  Access denied finding property "vendor.debug.forcibly_enable_mtk_ray_tracing"
2025-09-04 13:04:00.570 24649-24691 flutter                 com.example.baby_alert_app           I  [IMPORTANT:flutter/shell/platform/android/android_context_vk_impeller.cc(62)] Using the Impeller rendering backend (Vulkan).
2025-09-04 13:04:00.578 24649-24691 libMEOW                 com.example.baby_alert_app           D  meow new tls: 0xb4000078be4e9100
2025-09-04 13:04:00.578 24649-24691 libMEOW                 com.example.baby_alert_app           D  applied 2 plugins for [com.example.baby_alert_app]:
2025-09-04 13:04:00.578 24649-24691 libMEOW                 com.example.baby_alert_app           D    plugin 1: [libMEOW_gift.so]:
2025-09-04 13:04:00.578 24649-24691 libMEOW                 com.example.baby_alert_app           D    plugin 2: [libMEOW_semaphore]:
2025-09-04 13:04:00.600 24649-24691 flutter                 com.example.baby_alert_app           I  [IMPORTANT:flutter/shell/platform/android/android_context_gl_impeller.cc(104)] Using the Impeller rendering backend (OpenGLES).
2025-09-04 13:04:00.601 24649-24692 libMEOW                 com.example.baby_alert_app           D  meow new tls: 0xb400007944efc400
2025-09-04 13:04:00.601 24649-24692 libMEOW                 com.example.baby_alert_app           D  applied 2 plugins for [com.example.baby_alert_app]:
2025-09-04 13:04:00.601 24649-24692 libMEOW                 com.example.baby_alert_app           D    plugin 1: [libMEOW_gift.so]:
2025-09-04 13:04:00.601 24649-24692 libMEOW                 com.example.baby_alert_app           D    plugin 2: [libMEOW_semaphore]:
2025-09-04 13:04:00.806 24649-24703 flutter                 com.example.baby_alert_app           I  The Dart VM service is listening on http://127.0.0.1:41409/lB_uAvRXZYE=/
2025-09-04 13:04:01.340 24649-24649 [FBP-Android]           com.example.baby_alert_app           D  [FBP] onAttachedToEngine
2025-09-04 13:04:01.347 24649-24649 [FBP-Android]           com.example.baby_alert_app           D  [FBP] onAttachedToActivity
2025-09-04 13:04:01.478 24649-24649 .baby_alert_ap          com.example.baby_alert_app           I  hiddenapi: Accessing hidden method Landroid/view/accessibility/AccessibilityNodeInfo;->getSourceNodeId()J (runtime_flags=0, domain=platform, api=unsupported,test-api) from Lio/flutter/view/AccessibilityViewEmbedder$ReflectionAccessors; (domain=app) using reflection: allowed
2025-09-04 13:04:01.478 24649-24649 .baby_alert_ap          com.example.baby_alert_app           I  hiddenapi: Accessing hidden method Landroid/view/accessibility/AccessibilityRecord;->getSourceNodeId()J (runtime_flags=0, domain=platform, api=unsupported) from Lio/flutter/view/AccessibilityViewEmbedder$ReflectionAccessors; (domain=app) using reflection: allowed
2025-09-04 13:04:01.478 24649-24649 .baby_alert_ap          com.example.baby_alert_app           I  hiddenapi: Accessing hidden field Landroid/view/accessibility/AccessibilityNodeInfo;->mChildNodeIds:Landroid/util/LongArray; (runtime_flags=0, domain=platform, api=unsupported) from Lio/flutter/view/AccessibilityViewEmbedder$ReflectionAccessors; (domain=app) using reflection: allowed
2025-09-04 13:04:01.478 24649-24649 .baby_alert_ap          com.example.baby_alert_app           I  hiddenapi: Accessing hidden method Landroid/util/LongArray;->get(I)J (runtime_flags=0, domain=platform, api=unsupported) from Lio/flutter/view/AccessibilityViewEmbedder$ReflectionAccessors; (domain=app) using reflection: allowed
2025-09-04 13:04:01.522 24649-24649 DecorView               com.example.baby_alert_app           I  [INFO] isPopOver=false, config=true
2025-09-04 13:04:01.523 24649-24649 DecorView               com.example.baby_alert_app           I  updateCaptionType >> DecorView@ed3466b[], isFloating=false, isApplication=true, hasWindowControllerCallback=true, hasWindowDecorCaption=false
2025-09-04 13:04:01.523 24649-24649 DecorView               com.example.baby_alert_app           D  setCaptionType = 0, this = DecorView@ed3466b[]
2025-09-04 13:04:01.533 24649-24649 DecorView               com.example.baby_alert_app           I  getCurrentDensityDpi: from real metrics. densityDpi=300 msg=resources_loaded
2025-09-04 13:04:01.565 24649-24649 DecorView               com.example.baby_alert_app           I  notifyKeepScreenOnChanged: keepScreenOn=false
2025-09-04 13:04:01.578 24649-24649 ViewRootIm...nActivity] com.example.baby_alert_app           I  setView = com.android.internal.policy.DecorView@ed3466b TM=true
2025-09-04 13:04:02.241 24649-24649 Choreographer           com.example.baby_alert_app           I  Skipped 39 frames!  The application may be doing too much work on its main thread.
2025-09-04 13:04:02.421 24649-24649 SurfaceView@7c290b0     com.example.baby_alert_app           I  onWindowVisibilityChanged(0) true io.flutter.embedding.android.FlutterSurfaceView{7c290b0 V.E...... ......I. 0,0-0,0} of ViewRootImpl@f80f79d[MainActivity]
2025-09-04 13:04:02.429   946-1722  BufferQueueDebug        surfaceflinger                       E  [com.example.baby_alert_app/com.example.baby_alert_app.MainActivity$_24649#0](this:0xb400006f5ad02948,id:-1,api:0,p:-1,c:-1) id info cannot be read from 'com.example.baby_alert_app/com.example.baby_alert_app.MainActivity$_24649#0'
2025-09-04 13:04:02.442 24649-24649 BufferQueueConsumer     com.example.baby_alert_app           I  [](id:604900000000,api:0,p:-1,c:24649) connect: controlledByApp=false
2025-09-04 13:04:02.444 24649-24649 BLASTBufferQueue        com.example.baby_alert_app           I  [ViewRootImpl@f80f79d[MainActivity]#0] constructor()
2025-09-04 13:04:02.448 24649-24649 ViewRootIm...nActivity] com.example.baby_alert_app           I  Relayout returned: old=(0,0,720,1600) new=(0,0,720,1600) req=(720,1600)0 dur=14 res=0x7 s={true -5476376627715354624} ch=true fn=-1
2025-09-04 13:04:02.452 24649-24684 BufferQueueProducer     com.example.baby_alert_app           I  [ViewRootImpl@f80f79d[MainActivity]#0(BLAST Consumer)0](id:604900000000,api:1,p:24649,c:24649) connect: api=1 producerControlledByApp=true
2025-09-04 13:04:02.453 24649-24684 OpenGLRenderer          com.example.baby_alert_app           D  eglCreateWindowSurface
2025-09-04 13:04:02.466 24649-24649 SurfaceView@7c290b0     com.example.baby_alert_app           I  windowStopped(false) true io.flutter.embedding.android.FlutterSurfaceView{7c290b0 V.E...... ......ID 0,0-720,1510} of ViewRootImpl@f80f79d[MainActivity]
2025-09-04 13:04:02.467 24649-24649 ViewRootIm...nActivity] com.example.baby_alert_app           I  [DP] dp(1) 1 android.view.ViewRootImpl.reportNextDraw:11420 android.view.ViewRootImpl.performTraversals:4193 android.view.ViewRootImpl.doTraversal:2919 
2025-09-04 13:04:02.471   946-1002  BufferQueueDebug        surfaceflinger                       E  [SurfaceView - com.example.baby_alert_app/com.example.baby_alert_app.MainActivity@7c290b0@0(BLAST)#0](this:0xb400006f5ac93948,id:-1,api:0,p:-1,c:-1) id info cannot be read from 'SurfaceView - com.example.baby_alert_app/com.example.baby_alert_app.MainActivity@7c290b0@0(BLAST)#0'
2025-09-04 13:04:02.473 24649-24649 BufferQueueConsumer     com.example.baby_alert_app           I  [](id:604900000001,api:0,p:-1,c:24649) connect: controlledByApp=false
2025-09-04 13:04:02.474 24649-24649 BLASTBufferQueue        com.example.baby_alert_app           I  [SurfaceView - com.example.baby_alert_app/com.example.baby_alert_app.MainActivity@7c290b0@0#1] constructor()
2025-09-04 13:04:02.474 24649-24649 SurfaceView@7c290b0     com.example.baby_alert_app           I  pST: sr = Rect(0, 0 - 720, 1510) sw = 720 sh = 1510
2025-09-04 13:04:02.475 24649-24649 SurfaceView@7c290b0     com.example.baby_alert_app           I  onSSPAndSRT: pl = 0 pt = 0 sx = 1.0 sy = 1.0
2025-09-04 13:04:02.476 24649-24649 SurfaceView@7c290b0     com.example.baby_alert_app           I  pST: mTmpTransaction.apply, mTmpTransaction = android.view.SurfaceControl$Transaction@d577440
2025-09-04 13:04:02.477 24649-24649 SurfaceView@7c290b0     com.example.baby_alert_app           I  updateSurface: mVisible = true mSurface.isValid() = true
2025-09-04 13:04:02.477 24649-24649 SurfaceView@7c290b0     com.example.baby_alert_app           I  updateSurface: mSurfaceCreated = false surfaceChanged = true visibleChanged = true
2025-09-04 13:04:02.477 24649-24649 SurfaceView@7c290b0     com.example.baby_alert_app           I  surfaceCreated 1 #8 io.flutter.embedding.android.FlutterSurfaceView{7c290b0 V.E...... ......ID 0,0-720,1510}
2025-09-04 13:04:02.478 24649-24691 BufferQueueProducer     com.example.baby_alert_app           I  [SurfaceView - com.example.baby_alert_app/com.example.baby_alert_app.MainActivity@7c290b0@0#1(BLAST Consumer)1](id:604900000001,api:1,p:24649,c:24649) connect: api=1 producerControlledByApp=true
2025-09-04 13:04:02.487 24649-24691 ion                     com.example.baby_alert_app           E  ioctl c0044901 failed with code -1: Invalid argument
2025-09-04 13:04:02.699 24649-24653 .baby_alert_ap          com.example.baby_alert_app           I  Compiler allocated 4386KB to compile void android.view.ViewRootImpl.performTraversals()
2025-09-04 13:04:05.719 24649-24649 SurfaceView@7c290b0     com.example.baby_alert_app           I  surfaceChanged (720,1510) 1 #8 io.flutter.embedding.android.FlutterSurfaceView{7c290b0 V.E...... ......ID 0,0-720,1510}
2025-09-04 13:04:05.722 24649-24691 BufferQueueProducer     com.example.baby_alert_app           I  [SurfaceView - com.example.baby_alert_app/com.example.baby_alert_app.MainActivity@7c290b0@0#1(BLAST Consumer)1](id:604900000001,api:1,p:24649,c:24649) disconnect: api 1
2025-09-04 13:04:05.723 24649-24691 BufferQueueProducer     com.example.baby_alert_app           I  [SurfaceView - com.example.baby_alert_app/com.example.baby_alert_app.MainActivity@7c290b0@0#1(BLAST Consumer)1](id:604900000001,api:1,p:24649,c:24649) connect: api=1 producerControlledByApp=true
2025-09-04 13:04:05.731 24649-24649 ViewRootIm...nActivity] com.example.baby_alert_app           I  [DP] dp(2) 1 android.view.SurfaceView.updateSurface:1375 android.view.SurfaceView.lambda$new$1$SurfaceView:254 android.view.SurfaceView$$ExternalSyntheticLambda2.onPreDraw:2 
2025-09-04 13:04:05.733 24649-24649 Choreographer           com.example.baby_alert_app           I  Skipped 198 frames!  The application may be doing too much work on its main thread.
2025-09-04 13:04:05.834 24649-24649 FlutterWebRTCPlugin     com.example.baby_alert_app           W  audioFocusChangeListener [Earpiece(name=Earpiece)] Earpiece(name=Earpiece)
2025-09-04 13:04:05.835 24649-24649 FlutterWebRTCPlugin     com.example.baby_alert_app           W  audioFocusChangeListener [Speakerphone(name=Speakerphone), Earpiece(name=Earpiece)] Speakerphone(name=Speakerphone)
2025-09-04 13:04:05.844 24649-24649 Compatibil...geReporter com.example.baby_alert_app           D  Compat change id reported: 160794467; UID 10255; state: ENABLED
2025-09-04 13:04:05.869 24649-24649 BackgroundService       com.example.baby_alert_app           V  Starting flutter engine for background service
2025-09-04 13:04:05.885 24649-24714 libc                    com.example.baby_alert_app           E  Access denied finding property "vendor.debug.forcibly_enable_mtk_ray_tracing"
2025-09-04 13:04:05.886 24649-24649 [FBP-Android]           com.example.baby_alert_app           D  [FBP] onAttachedToEngine
2025-09-04 13:04:06.070 24649-24714 flutter                 com.example.baby_alert_app           I  [IMPORTANT:flutter/shell/platform/android/android_context_vk_impeller.cc(62)] Using the Impeller rendering backend (Vulkan).
2025-09-04 13:04:06.085  1291-1291  NotificationService     system_server                        E  Muting recently noisy 0|com.example.baby_alert_app|888|null|10255
2025-09-04 13:04:06.085 24649-24714 libMEOW                 com.example.baby_alert_app           D  meow new tls: 0xb4000078b9560000
2025-09-04 13:04:06.085 24649-24714 libMEOW                 com.example.baby_alert_app           D  applied 2 plugins for [com.example.baby_alert_app]:
2025-09-04 13:04:06.085 24649-24714 libMEOW                 com.example.baby_alert_app           D    plugin 1: [libMEOW_gift.so]:
2025-09-04 13:04:06.085 24649-24714 libMEOW                 com.example.baby_alert_app           D    plugin 2: [libMEOW_semaphore]:
2025-09-04 13:04:06.111 24649-24714 flutter                 com.example.baby_alert_app           I  [IMPORTANT:flutter/shell/platform/android/android_context_gl_impeller.cc(104)] Using the Impeller rendering backend (OpenGLES).
2025-09-04 13:04:06.112 24649-24715 libMEOW                 com.example.baby_alert_app           D  meow new tls: 0xb4000078dffa7640
2025-09-04 13:04:06.112 24649-24715 libMEOW                 com.example.baby_alert_app           D  applied 2 plugins for [com.example.baby_alert_app]:
2025-09-04 13:04:06.112 24649-24715 libMEOW                 com.example.baby_alert_app           D    plugin 1: [libMEOW_gift.so]:
2025-09-04 13:04:06.113 24649-24715 libMEOW                 com.example.baby_alert_app           D    plugin 2: [libMEOW_semaphore]:
2025-09-04 13:04:07.381 24649-24649 flutter                 com.example.baby_alert_app           I  `flutter_background_service_android` threw an error: Exception: This class should only be used in the main isolate (UI App). The app may not function as expected until you remove this plugin from pubspec.yaml
2025-09-04 13:04:07.577 24649-24649 flutter                 com.example.baby_alert_app           I   [Background] WebSocket Connected!
2025-09-04 13:04:07.587 24649-24649 flutter                 com.example.baby_alert_app           I  [Background] Sent registration message for app-001
2025-09-04 13:04:07.852 24649-24649 BackgroundService       com.example.baby_alert_app           V  Service already running, using existing service
2025-09-04 13:04:07.914 24649-24649 Choreographer           com.example.baby_alert_app           I  Skipped 130 frames!  The application may be doing too much work on its main thread.
2025-09-04 13:04:07.916 24649-24649 InsetsSourceConsumer    com.example.baby_alert_app           D  ensureControlAlpha: for ITYPE_NAVIGATION_BAR on com.example.baby_alert_app/com.example.baby_alert_app.MainActivity
2025-09-04 13:04:07.917 24649-24649 InsetsSourceConsumer    com.example.baby_alert_app           D  ensureControlAlpha: for ITYPE_STATUS_BAR on com.example.baby_alert_app/com.example.baby_alert_app.MainActivity
2025-09-04 13:04:07.918 24649-24649 Choreographer           com.example.baby_alert_app           I  Skipped 130 frames!  The application may be doing too much work on its main thread.
2025-09-04 13:04:11.001 24649-24649 ViewRootIm...nActivity] com.example.baby_alert_app           I  [DP] pdf(1) 1 android.view.SurfaceView.notifyDrawFinished:599 android.view.SurfaceView.performDrawFinished:586 android.view.SurfaceView.$r8$lambda$st27mCkd9jfJkTrN_P3qIGKX6NY:0 
2025-09-04 13:04:11.001 24649-24649 ViewRootIm...nActivity] com.example.baby_alert_app           D  pendingDrawFinished. Waiting on draw reported mDrawsNeededToReport=1
2025-09-04 13:04:11.028 24649-24740 ProfileInstaller        com.example.baby_alert_app           D  Installing profile for com.example.baby_alert_app
2025-09-04 13:04:11.229 24649-24649 FlutterWebRTCPlugin     com.example.baby_alert_app           W  audioFocusChangeListener [Earpiece(name=Earpiece)] Earpiece(name=Earpiece)
2025-09-04 13:04:11.230 24649-24649 FlutterWebRTCPlugin     com.example.baby_alert_app           W  audioFocusChangeListener [Speakerphone(name=Speakerphone), Earpiece(name=Earpiece)] Speakerphone(name=Speakerphone)
2025-09-04 13:04:12.821 24649-24649 Choreographer           com.example.baby_alert_app           I  Skipped 293 frames!  The application may be doing too much work on its main thread.
2025-09-04 13:04:12.822 24649-24649 ViewRootIm...nActivity] com.example.baby_alert_app           D  Creating frameDrawingCallback nextDrawUseBlastSync=false reportNextDraw=true hasBlurUpdates=false
2025-09-04 13:04:12.823 24649-24649 ViewRootIm...nActivity] com.example.baby_alert_app           D  Creating frameCompleteCallback
2025-09-04 13:04:12.838 24649-24750 SurfaceView@7c290b0     com.example.baby_alert_app           I  uSP: rtp = Rect(0, 0 - 720, 1510) rtsw = 720 rtsh = 1510
2025-09-04 13:04:12.838 24649-24751 ViewRootIm...nActivity] com.example.baby_alert_app           D  Received frameDrawingCallback frameNum=1. Creating transactionCompleteCallback=false
2025-09-04 13:04:12.838 24649-24750 SurfaceView@7c290b0     com.example.baby_alert_app           I  onSSPAndSRT: pl = 0 pt = 0 sx = 1.0 sy = 1.0
2025-09-04 13:04:12.844 24649-24750 SurfaceView@7c290b0     com.example.baby_alert_app           I  aOrMT: uB = true t = android.view.SurfaceControl$Transaction@2f1a01b fN = 1 android.view.SurfaceView.access$500:124 android.view.SurfaceView$SurfaceViewPositionUpdateListener.positionChanged:1728 android.graphics.RenderNode$CompositePositionUpdateListener.positionChanged:319 
2025-09-04 13:04:12.844 24649-24750 SurfaceView@7c290b0     com.example.baby_alert_app           I  aOrMT: vR.mWNT, vR = ViewRootImpl@f80f79d[MainActivity]
2025-09-04 13:04:12.845 24649-24750 ViewRootIm...nActivity] com.example.baby_alert_app           I  mWNT: t = android.view.SurfaceControl$Transaction@2f1a01b fN = 1 android.view.SurfaceView.applyOrMergeTransaction:1628 android.view.SurfaceView.access$500:124 android.view.SurfaceView$SurfaceViewPositionUpdateListener.positionChanged:1728 
2025-09-04 13:04:12.845 24649-24750 ViewRootIm...nActivity] com.example.baby_alert_app           I  mWNT: merge t to BBQ
2025-09-04 13:04:12.872 24649-24684 ViewRootIm...nActivity] com.example.baby_alert_app           D  Received frameCompleteCallback  lastAcquiredFrameNum=1 lastAttemptedDrawFrameNum=1
2025-09-04 13:04:12.878 24649-24670 OpenGLRenderer          com.example.baby_alert_app           I  Davey! duration=4941ms; Flags=1, FrameTimelineVsyncId=957397, IntendedVsync=106231307643173, Vsync=106236190976604, InputEventId=0, HandleInputStart=106236201496715, AnimationStart=106236201501407, PerformTraversalsStart=106236201503023, DrawStart=106236207860792, FrameDeadline=106231324309840, FrameInterval=106236201196331, FrameStartTime=16666667, SyncQueued=106236213837100, SyncStart=106236216567561, IssueDrawCommandsStart=106236217999100, SwapBuffers=106236248570331, FrameCompleted=106236251898254, DequeueBufferDuration=0, QueueBufferDuration=2252846, GpuCompleted=106236251711792, SwapBuffersCompleted=106236251898254, DisplayPresentTime=0, 
2025-09-04 13:04:12.950 24649-24649 ViewRootIm...nActivity] com.example.baby_alert_app           I  [DP] pdf(0) 1 android.view.ViewRootImpl.lambda$addFrameCompleteCallbackIfNeeded$3$ViewRootImpl:4995 android.view.ViewRootImpl$$ExternalSyntheticLambda16.run:6 android.os.Handler.handleCallback:938 
2025-09-04 13:04:12.951 24649-24649 ViewRootIm...nActivity] com.example.baby_alert_app           I  [DP] rdf()
2025-09-04 13:04:12.951 24649-24649 ViewRootIm...nActivity] com.example.baby_alert_app           D  reportDrawFinished (fn: -1) 
2025-09-04 13:04:12.957 24649-24649 BackgroundService       com.example.baby_alert_app           V  Service already running, using existing service
