--------- beginning of crash
2025-09-03 21:56:28.246 27670-27670 DEBUG                   pid-27670                            A  Cmdline: com.example.baby_alert_app
2025-09-03 21:56:28.246 27670-27670 DEBUG                   pid-27670                            A  pid: 8698, tid: 27667, name: .baby_alert_app  >>> com.example.baby_alert_app <<<
2025-09-03 21:56:28.247 27670-27670 DEBUG                   pid-27670                            A        #03 pc 0000000000012f0c  /data/app/~~rwgfh9aLfNbuuE84eziUYg==/com.example.baby_alert_app-7Cidc2XGyEkoK49gaWDeOg==/base.apk!libvlcjni.so (BuildId: d097328cae31d7a71c03ad6db5e9195d48609a58)
--------- beginning of system
2025-09-04 07:58:13.478  1291-1470  WindowManager           pid-1291                             E  win=Window{94b6fb9 u0 Splash Screen com.example.baby_alert_app EXITING} destroySurfaces: appStopped=false win.mWindowRemovalAllowed=true win.mRemoveOnExit=true win.mViewVisibility=8 caller=com.android.server.wm.ActivityRecord.destroySurfaces:5873 com.android.server.wm.ActivityRecord.destroySurfaces:5854 com.android.server.wm.WindowState.onExitAnimationDone:5993 com.android.server.wm.WindowStateAnimator.onAnimationFinished:242 com.android.server.wm.WindowState.onAnimationFinished:6246 com.android.server.wm.WindowContainer$$ExternalSyntheticLambda0.onAnimationFinished:2 com.android.server.wm.SurfaceAnimator.lambda$getFinishedCallback$0$SurfaceAnimator:113 
2025-09-04 07:58:23.759  1291-1291  NotificationService     pid-1291                             E  Muting recently noisy 0|com.example.baby_alert_app|888|null|10254
2025-09-04 07:58:27.512  1291-1470  WindowManager           pid-1291                             E  win=Window{bcf2baf u0 Splash Screen com.example.baby_alert_app EXITING} destroySurfaces: appStopped=false win.mWindowRemovalAllowed=true win.mRemoveOnExit=true win.mViewVisibility=8 caller=com.android.server.wm.ActivityRecord.destroySurfaces:5873 com.android.server.wm.ActivityRecord.destroySurfaces:5854 com.android.server.wm.WindowState.onExitAnimationDone:5993 com.android.server.wm.WindowStateAnimator.onAnimationFinished:242 com.android.server.wm.WindowState.onAnimationFinished:6246 com.android.server.wm.WindowContainer$$ExternalSyntheticLambda0.onAnimationFinished:2 com.android.server.wm.SurfaceAnimator.lambda$getFinishedCallback$0$SurfaceAnimator:113 
2025-09-04 07:59:44.585  1291-1336  WindowManager           pid-1291                             E  win=Window{69cc68 u0 com.example.baby_alert_app/com.example.baby_alert_app.MainActivity} destroySurfaces: appStopped=true win.mWindowRemovalAllowed=false win.mRemoveOnExit=false win.mViewVisibility=8 caller=com.android.server.wm.ActivityRecord.destroySurfaces:5873 com.android.server.wm.ActivityRecord.destroySurfaces:5854 com.android.server.wm.ActivityRecord.notifyAppStopped:5918 com.android.server.wm.ActivityRecord.activityStopped:6560 com.android.server.wm.ActivityClientController.activityStopped:265 android.app.IActivityClientController$Stub.onTransact:596 com.android.server.wm.ActivityClientController.onTransact:141 
2025-09-04 08:06:47.982  1291-2607  WindowManager           pid-1291                             E  win=Window{69cc68 u0 com.example.baby_alert_app/com.example.baby_alert_app.MainActivity} destroySurfaces: appStopped=true win.mWindowRemovalAllowed=false win.mRemoveOnExit=false win.mViewVisibility=8 caller=com.android.server.wm.ActivityRecord.destroySurfaces:5873 com.android.server.wm.ActivityRecord.destroySurfaces:5854 com.android.server.wm.ActivityRecord.notifyAppStopped:5918 com.android.server.wm.ActivityRecord.activityStopped:6560 com.android.server.wm.ActivityClientController.activityStopped:265 android.app.IActivityClientController$Stub.onTransact:596 com.android.server.wm.ActivityClientController.onTransact:141 
2025-09-04 08:07:32.188  1291-1524  VerityUtils             pid-1291                             E  Failed to measure fs-verity, errno 1: /data/app/~~9fbLTVnSW4k26OAKibakcw==/com.example.baby_alert_app-5UrHRPA4WiZWxvxDQ5v-tw==/base.apk
2025-09-04 08:07:43.842  1291-1470  WindowManager           pid-1291                             E  win=Window{a953673 u0 Splash Screen com.example.baby_alert_app EXITING} destroySurfaces: appStopped=false win.mWindowRemovalAllowed=true win.mRemoveOnExit=true win.mViewVisibility=8 caller=com.android.server.wm.ActivityRecord.destroySurfaces:5873 com.android.server.wm.ActivityRecord.destroySurfaces:5854 com.android.server.wm.WindowState.onExitAnimationDone:5993 com.android.server.wm.WindowStateAnimator.onAnimationFinished:242 com.android.server.wm.WindowState.onAnimationFinished:6246 com.android.server.wm.WindowContainer$$ExternalSyntheticLambda0.onAnimationFinished:2 com.android.server.wm.SurfaceAnimator.lambda$getFinishedCallback$0$SurfaceAnimator:113 
2025-09-04 08:07:45.173  1291-1291  NotificationService     pid-1291                             E  Muting recently noisy 0|com.example.baby_alert_app|888|null|10255
2025-09-04 08:08:24.653  1291-2094  WindowManager           pid-1291                             E  win=Window{e77dc61 u0 com.example.baby_alert_app/com.example.baby_alert_app.MainActivity} destroySurfaces: appStopped=true win.mWindowRemovalAllowed=false win.mRemoveOnExit=false win.mViewVisibility=8 caller=com.android.server.wm.ActivityRecord.destroySurfaces:5873 com.android.server.wm.ActivityRecord.destroySurfaces:5854 com.android.server.wm.ActivityRecord.notifyAppStopped:5918 com.android.server.wm.ActivityRecord.activityStopped:6560 com.android.server.wm.ActivityClientController.activityStopped:265 android.app.IActivityClientController$Stub.onTransact:596 com.android.server.wm.ActivityClientController.onTransact:141 
2025-09-04 08:08:57.914  1291-2032  WindowManager           pid-1291                             E  win=Window{e77dc61 u0 com.example.baby_alert_app/com.example.baby_alert_app.MainActivity} destroySurfaces: appStopped=true win.mWindowRemovalAllowed=false win.mRemoveOnExit=false win.mViewVisibility=8 caller=com.android.server.wm.ActivityRecord.destroySurfaces:5873 com.android.server.wm.ActivityRecord.destroySurfaces:5854 com.android.server.wm.ActivityRecord.notifyAppStopped:5918 com.android.server.wm.ActivityRecord.activityStopped:6560 com.android.server.wm.ActivityClientController.activityStopped:265 android.app.IActivityClientController$Stub.onTransact:596 com.android.server.wm.ActivityClientController.onTransact:141 
---------------------------- PROCESS STARTED (23382) for package com.example.baby_alert_app ----------------------------
2025-09-04 10:23:58.660  1291-1953  WindowManager           system_server                        E  win=Window{e77dc61 u0 com.example.baby_alert_app/com.example.baby_alert_app.MainActivity} destroySurfaces: appStopped=true win.mWindowRemovalAllowed=false win.mRemoveOnExit=false win.mViewVisibility=8 caller=com.android.server.wm.ActivityRecord.destroySurfaces:5873 com.android.server.wm.ActivityRecord.destroySurfaces:5854 com.android.server.wm.ActivityRecord.notifyAppStopped:5918 com.android.server.wm.ActivityRecord.activityStopped:6560 com.android.server.wm.ActivityClientController.activityStopped:265 android.app.IActivityClientController$Stub.onTransact:596 com.android.server.wm.ActivityClientController.onTransact:141 
2025-09-04 10:24:07.492  1291-1470  WindowManager           system_server                        E  win=Window{ab21d09 u0 Splash Screen com.example.baby_alert_app EXITING} destroySurfaces: appStopped=false win.mWindowRemovalAllowed=true win.mRemoveOnExit=true win.mViewVisibility=8 caller=com.android.server.wm.ActivityRecord.destroySurfaces:5873 com.android.server.wm.ActivityRecord.destroySurfaces:5854 com.android.server.wm.WindowState.onExitAnimationDone:5993 com.android.server.wm.WindowStateAnimator.onAnimationFinished:242 com.android.server.wm.WindowState.onAnimationFinished:6246 com.android.server.wm.WindowContainer$$ExternalSyntheticLambda0.onAnimationFinished:2 com.android.server.wm.SurfaceAnimator.lambda$getFinishedCallback$0$SurfaceAnimator:113 
2025-09-04 10:24:43.684  1291-1470  WindowManager           system_server                        E  win=Window{67cc406 u0 Splash Screen com.example.baby_alert_app EXITING} destroySurfaces: appStopped=false win.mWindowRemovalAllowed=true win.mRemoveOnExit=true win.mViewVisibility=8 caller=com.android.server.wm.ActivityRecord.destroySurfaces:5873 com.android.server.wm.ActivityRecord.destroySurfaces:5854 com.android.server.wm.WindowState.onExitAnimationDone:5993 com.android.server.wm.WindowStateAnimator.onAnimationFinished:242 com.android.server.wm.WindowState.onAnimationFinished:6246 com.android.server.wm.WindowContainer$$ExternalSyntheticLambda0.onAnimationFinished:2 com.android.server.wm.SurfaceAnimator.lambda$getFinishedCallback$0$SurfaceAnimator:113 
2025-09-04 10:24:45.162  1291-1291  NotificationService     system_server                        E  Muting recently noisy 0|com.example.baby_alert_app|888|null|10255
2025-09-04 10:25:25.313  1291-6841  WindowManager           system_server                        E  win=Window{40ec687 u0 com.example.baby_alert_app/com.example.baby_alert_app.MainActivity} destroySurfaces: appStopped=true win.mWindowRemovalAllowed=false win.mRemoveOnExit=false win.mViewVisibility=8 caller=com.android.server.wm.ActivityRecord.destroySurfaces:5873 com.android.server.wm.ActivityRecord.destroySurfaces:5854 com.android.server.wm.ActivityRecord.notifyAppStopped:5918 com.android.server.wm.ActivityRecord.activityStopped:6560 com.android.server.wm.ActivityClientController.activityStopped:265 android.app.IActivityClientController$Stub.onTransact:596 com.android.server.wm.ActivityClientController.onTransact:141 
2025-09-04 10:39:15.226  1291-1953  WindowManager           system_server                        E  win=Window{40ec687 u0 com.example.baby_alert_app/com.example.baby_alert_app.MainActivity} destroySurfaces: appStopped=true win.mWindowRemovalAllowed=false win.mRemoveOnExit=false win.mViewVisibility=8 caller=com.android.server.wm.ActivityRecord.destroySurfaces:5873 com.android.server.wm.ActivityRecord.destroySurfaces:5854 com.android.server.wm.ActivityRecord.notifyAppStopped:5918 com.android.server.wm.ActivityRecord.activityStopped:6560 com.android.server.wm.ActivityClientController.activityStopped:265 android.app.IActivityClientController$Stub.onTransact:596 com.android.server.wm.ActivityClientController.onTransact:141 
2025-09-04 10:39:42.138  1291-7365  UserRestrictionsUtils   system_server                        E  Unknown restriction queried by uid 1000 (com.samsung.android.app.omcagent et al): com.example.baby_alert_app
2025-09-04 10:40:13.687  1291-1470  WindowManager           system_server                        E  win=Window{18e8fc9 u0 Splash Screen com.example.baby_alert_app EXITING} destroySurfaces: appStopped=false win.mWindowRemovalAllowed=true win.mRemoveOnExit=true win.mViewVisibility=8 caller=com.android.server.wm.ActivityRecord.destroySurfaces:5873 com.android.server.wm.ActivityRecord.destroySurfaces:5854 com.android.server.wm.WindowState.onExitAnimationDone:5993 com.android.server.wm.WindowStateAnimator.onAnimationFinished:242 com.android.server.wm.WindowState.onAnimationFinished:6246 com.android.server.wm.WindowContainer$$ExternalSyntheticLambda0.onAnimationFinished:2 com.android.server.wm.SurfaceAnimator.lambda$getFinishedCallback$0$SurfaceAnimator:113 
2025-09-04 10:40:48.815  1291-1615  WindowManager           system_server                        E  win=Window{87d6f48 u0 com.example.baby_alert_app/com.example.baby_alert_app.MainActivity} destroySurfaces: appStopped=true win.mWindowRemovalAllowed=false win.mRemoveOnExit=false win.mViewVisibility=8 caller=com.android.server.wm.ActivityRecord.destroySurfaces:5873 com.android.server.wm.ActivityRecord.destroySurfaces:5854 com.android.server.wm.ActivityRecord.notifyAppStopped:5918 com.android.server.wm.ActivityRecord.activityStopped:6560 com.android.server.wm.ActivityClientController.activityStopped:265 android.app.IActivityClientController$Stub.onTransact:596 com.android.server.wm.ActivityClientController.onTransact:141 
2025-09-04 10:44:10.959  1291-2032  WindowManager           system_server                        E  win=Window{87d6f48 u0 com.example.baby_alert_app/com.example.baby_alert_app.MainActivity} destroySurfaces: appStopped=true win.mWindowRemovalAllowed=false win.mRemoveOnExit=false win.mViewVisibility=8 caller=com.android.server.wm.ActivityRecord.destroySurfaces:5873 com.android.server.wm.ActivityRecord.destroySurfaces:5854 com.android.server.wm.ActivityRecord.notifyAppStopped:5918 com.android.server.wm.ActivityRecord.activityStopped:6560 com.android.server.wm.ActivityClientController.activityStopped:265 android.app.IActivityClientController$Stub.onTransact:596 com.android.server.wm.ActivityClientController.onTransact:141 
2025-09-04 10:44:27.356  1291-1524  VerityUtils             system_server                        E  Failed to measure fs-verity, errno 1: /data/app/~~qroP02xcIh_6v2UMCw5erw==/com.example.baby_alert_app-C36qZ2CTklqolo8F0iuz7Q==/base.apk
2025-09-04 10:44:30.322  1291-1524  VerityUtils             system_server                        E  Failed to measure fs-verity, errno 1: /data/app/~~qroP02xcIh_6v2UMCw5erw==/com.example.baby_alert_app-C36qZ2CTklqolo8F0iuz7Q==/base.apk
2025-09-04 10:44:36.172  1291-1291  NotificationService     system_server                        E  Muting recently noisy 0|com.example.baby_alert_app|888|null|10255
2025-09-04 10:44:43.148  1291-1470  WindowManager           system_server                        E  win=Window{d03d69b u0 Splash Screen com.example.baby_alert_app EXITING} destroySurfaces: appStopped=false win.mWindowRemovalAllowed=true win.mRemoveOnExit=true win.mViewVisibility=8 caller=com.android.server.wm.ActivityRecord.destroySurfaces:5873 com.android.server.wm.ActivityRecord.destroySurfaces:5854 com.android.server.wm.WindowState.onExitAnimationDone:5993 com.android.server.wm.WindowStateAnimator.onAnimationFinished:242 com.android.server.wm.WindowState.onAnimationFinished:6246 com.android.server.wm.WindowContainer$$ExternalSyntheticLambda0.onAnimationFinished:2 com.android.server.wm.SurfaceAnimator.lambda$getFinishedCallback$0$SurfaceAnimator:113 
2025-09-04 10:45:00.847  1291-2032  WindowManager           system_server                        E  win=Window{990e69c u0 com.example.baby_alert_app/com.example.baby_alert_app.MainActivity} destroySurfaces: appStopped=true win.mWindowRemovalAllowed=false win.mRemoveOnExit=false win.mViewVisibility=8 caller=com.android.server.wm.ActivityRecord.destroySurfaces:5873 com.android.server.wm.ActivityRecord.destroySurfaces:5854 com.android.server.wm.ActivityRecord.notifyAppStopped:5918 com.android.server.wm.ActivityRecord.activityStopped:6560 com.android.server.wm.ActivityClientController.activityStopped:265 android.app.IActivityClientController$Stub.onTransact:596 com.android.server.wm.ActivityClientController.onTransact:141 
2025-09-04 10:45:09.543  1291-1470  WindowManager           system_server                        E  win=Window{db42c34 u0 Splash Screen com.example.baby_alert_app EXITING} destroySurfaces: appStopped=false win.mWindowRemovalAllowed=true win.mRemoveOnExit=true win.mViewVisibility=8 caller=com.android.server.wm.ActivityRecord.destroySurfaces:5873 com.android.server.wm.ActivityRecord.destroySurfaces:5854 com.android.server.wm.WindowState.onExitAnimationDone:5993 com.android.server.wm.WindowStateAnimator.onAnimationFinished:242 com.android.server.wm.WindowState.onAnimationFinished:6246 com.android.server.wm.WindowContainer$$ExternalSyntheticLambda0.onAnimationFinished:2 com.android.server.wm.SurfaceAnimator.lambda$getFinishedCallback$0$SurfaceAnimator:113 
2025-09-04 10:47:11.171  1291-2565  WindowManager           system_server                        E  win=Window{990e69c u0 com.example.baby_alert_app/com.example.baby_alert_app.MainActivity} destroySurfaces: appStopped=true win.mWindowRemovalAllowed=false win.mRemoveOnExit=false win.mViewVisibility=8 caller=com.android.server.wm.ActivityRecord.destroySurfaces:5873 com.android.server.wm.ActivityRecord.destroySurfaces:5854 com.android.server.wm.ActivityRecord.notifyAppStopped:5918 com.android.server.wm.ActivityRecord.activityStopped:6560 com.android.server.wm.ActivityClientController.activityStopped:265 android.app.IActivityClientController$Stub.onTransact:596 com.android.server.wm.ActivityClientController.onTransact:141 
2025-09-04 10:47:19.898  1291-2565  WindowManager           system_server                        E  win=Window{990e69c u0 com.example.baby_alert_app/com.example.baby_alert_app.MainActivity} destroySurfaces: appStopped=true win.mWindowRemovalAllowed=false win.mRemoveOnExit=false win.mViewVisibility=8 caller=com.android.server.wm.ActivityRecord.destroySurfaces:5873 com.android.server.wm.ActivityRecord.destroySurfaces:5854 com.android.server.wm.ActivityRecord.notifyAppStopped:5918 com.android.server.wm.ActivityRecord.activityStopped:6560 com.android.server.wm.ActivityClientController.activityStopped:265 android.app.IActivityClientController$Stub.onTransact:596 com.android.server.wm.ActivityClientController.onTransact:141 
2025-09-04 10:47:27.888  1291-1470  WindowManager           system_server                        E  win=Window{843581c u0 Splash Screen com.example.baby_alert_app EXITING} destroySurfaces: appStopped=false win.mWindowRemovalAllowed=true win.mRemoveOnExit=true win.mViewVisibility=8 caller=com.android.server.wm.ActivityRecord.destroySurfaces:5873 com.android.server.wm.ActivityRecord.destroySurfaces:5854 com.android.server.wm.WindowState.onExitAnimationDone:5993 com.android.server.wm.WindowStateAnimator.onAnimationFinished:242 com.android.server.wm.WindowState.onAnimationFinished:6246 com.android.server.wm.WindowContainer$$ExternalSyntheticLambda0.onAnimationFinished:2 com.android.server.wm.SurfaceAnimator.lambda$getFinishedCallback$0$SurfaceAnimator:113 
2025-09-04 10:47:54.441  1291-1524  VerityUtils             system_server                        E  Failed to measure fs-verity, errno 1: /data/app/~~ZeNTTZAaf4ZWiwGif_NT0Q==/com.example.baby_alert_app-aduGMxzR7ImhtZPVgJ1Gow==/base.apk
2025-09-04 10:47:57.252  1291-1524  VerityUtils             system_server                        E  Failed to measure fs-verity, errno 1: /data/app/~~ZeNTTZAaf4ZWiwGif_NT0Q==/com.example.baby_alert_app-aduGMxzR7ImhtZPVgJ1Gow==/base.apk
2025-09-04 10:48:03.278  1291-1291  NotificationService     system_server                        E  Muting recently noisy 0|com.example.baby_alert_app|888|null|10255
2025-09-04 10:48:09.893  1291-1470  WindowManager           system_server                        E  win=Window{e8f3c00 u0 Splash Screen com.example.baby_alert_app EXITING} destroySurfaces: appStopped=false win.mWindowRemovalAllowed=true win.mRemoveOnExit=true win.mViewVisibility=8 caller=com.android.server.wm.ActivityRecord.destroySurfaces:5873 com.android.server.wm.ActivityRecord.destroySurfaces:5854 com.android.server.wm.WindowState.onExitAnimationDone:5993 com.android.server.wm.WindowStateAnimator.onAnimationFinished:242 com.android.server.wm.WindowState.onAnimationFinished:6246 com.android.server.wm.WindowContainer$$ExternalSyntheticLambda0.onAnimationFinished:2 com.android.server.wm.SurfaceAnimator.lambda$getFinishedCallback$0$SurfaceAnimator:113 
2025-09-04 10:48:28.682  1291-2565  WindowManager           system_server                        E  win=Window{100d70f u0 com.example.baby_alert_app/com.example.baby_alert_app.MainActivity} destroySurfaces: appStopped=true win.mWindowRemovalAllowed=false win.mRemoveOnExit=false win.mViewVisibility=8 caller=com.android.server.wm.ActivityRecord.destroySurfaces:5873 com.android.server.wm.ActivityRecord.destroySurfaces:5854 com.android.server.wm.ActivityRecord.notifyAppStopped:5918 com.android.server.wm.ActivityRecord.activityStopped:6560 com.android.server.wm.ActivityClientController.activityStopped:265 android.app.IActivityClientController$Stub.onTransact:596 com.android.server.wm.ActivityClientController.onTransact:141 
2025-09-04 10:48:49.681  1291-1470  WindowManager           system_server                        E  win=Window{f284b8d u0 Splash Screen com.example.baby_alert_app EXITING} destroySurfaces: appStopped=false win.mWindowRemovalAllowed=true win.mRemoveOnExit=true win.mViewVisibility=8 caller=com.android.server.wm.ActivityRecord.destroySurfaces:5873 com.android.server.wm.ActivityRecord.destroySurfaces:5854 com.android.server.wm.WindowState.onExitAnimationDone:5993 com.android.server.wm.WindowStateAnimator.onAnimationFinished:242 com.android.server.wm.WindowState.onAnimationFinished:6246 com.android.server.wm.WindowContainer$$ExternalSyntheticLambda0.onAnimationFinished:2 com.android.server.wm.SurfaceAnimator.lambda$getFinishedCallback$0$SurfaceAnimator:113 
--------- beginning of main
2025-09-04 10:48:51.391  1291-2100  WindowManager           system_server                        E  win=Window{100d70f u0 com.example.baby_alert_app/com.example.baby_alert_app.MainActivity} destroySurfaces: appStopped=true win.mWindowRemovalAllowed=false win.mRemoveOnExit=false win.mViewVisibility=8 caller=com.android.server.wm.ActivityRecord.destroySurfaces:5873 com.android.server.wm.ActivityRecord.destroySurfaces:5854 com.android.server.wm.ActivityRecord.notifyAppStopped:5918 com.android.server.wm.ActivityRecord.activityStopped:6560 com.android.server.wm.ActivityClientController.activityStopped:265 android.app.IActivityClientController$Stub.onTransact:596 com.android.server.wm.ActivityClientController.onTransact:141 
2025-09-04 10:48:54.957   946-1723  BufferQueueDebug        surfaceflinger                       E  [com.example.baby_alert_app/com.example.baby_alert_app.MainActivity$_10479#0](this:0xb400006f5c721948,id:-1,api:0,p:-1,c:-1) id info cannot be read from 'com.example.baby_alert_app/com.example.baby_alert_app.MainActivity$_10479#0'
2025-09-04 10:48:54.978   946-1722  BufferQueueDebug        surfaceflinger                       E  [SurfaceView - com.example.baby_alert_app/com.example.baby_alert_app.MainActivity@7c290b0@2(BLAST)#0](this:0xb400006f5ac44948,id:-1,api:0,p:-1,c:-1) id info cannot be read from 'SurfaceView - com.example.baby_alert_app/com.example.baby_alert_app.MainActivity@7c290b0@2(BLAST)#0'
2025-09-04 10:48:59.965  1291-2100  WindowManager           system_server                        E  win=Window{100d70f u0 com.example.baby_alert_app/com.example.baby_alert_app.MainActivity} destroySurfaces: appStopped=true win.mWindowRemovalAllowed=false win.mRemoveOnExit=false win.mViewVisibility=8 caller=com.android.server.wm.ActivityRecord.destroySurfaces:5873 com.android.server.wm.ActivityRecord.destroySurfaces:5854 com.android.server.wm.ActivityRecord.notifyAppStopped:5918 com.android.server.wm.ActivityRecord.activityStopped:6560 com.android.server.wm.ActivityClientController.activityStopped:265 android.app.IActivityClientController$Stub.onTransact:596 com.android.server.wm.ActivityClientController.onTransact:141 
2025-09-04 10:49:09.797   946-1722  BufferQueueDebug        surfaceflinger                       E  [com.example.baby_alert_app/com.example.baby_alert_app.MainActivity$_10479#0](this:0xb400006f5abf3948,id:-1,api:0,p:-1,c:-1) id info cannot be read from 'com.example.baby_alert_app/com.example.baby_alert_app.MainActivity$_10479#0'
2025-09-04 10:49:09.824   946-1002  BufferQueueDebug        surfaceflinger                       E  [SurfaceView - com.example.baby_alert_app/com.example.baby_alert_app.MainActivity@7c290b0@3(BLAST)#0](this:0xb400006f5ad26948,id:-1,api:0,p:-1,c:-1) id info cannot be read from 'SurfaceView - com.example.baby_alert_app/com.example.baby_alert_app.MainActivity@7c290b0@3(BLAST)#0'
2025-09-04 10:49:40.917   946-1003  BufferQueueDebug        surfaceflinger                       E  [Splash Screen com.example.baby_alert_app$_1951#0](this:0xb400006f5ce62948,id:-1,api:0,p:-1,c:-1) id info cannot be read from 'Splash Screen com.example.baby_alert_app$_1951#0'
2025-09-04 10:49:41.292 11230-11230 USNET                   pid-11230                            E  USNET: appName: com.example.baby_alert_app
2025-09-04 10:49:41.451  1291-1524  VerityUtils             system_server                        E  Failed to measure fs-verity, errno 1: /data/app/~~Bya-kp3WIK4eU1Yq6GzKrQ==/com.example.baby_alert_app-dyHGeNClWqkQYWhryYJeDg==/base.apk
2025-09-04 10:49:42.034  1291-1524  VerityUtils             system_server                        E  Failed to measure fs-verity, errno 1: /data/app/~~Bya-kp3WIK4eU1Yq6GzKrQ==/com.example.baby_alert_app-dyHGeNClWqkQYWhryYJeDg==/base.apk
2025-09-04 10:49:43.861 11230-11230 .baby_alert_ap          pid-11230                            E  hiddenapi: Accessing hidden method Landroid/view/SurfaceControl$Builder;->setHidden(Z)Landroid/view/SurfaceControl$Builder; (runtime_flags=0, domain=platform, api=blocked) from /data/app/~~Bya-kp3WIK4eU1Yq6GzKrQ==/com.example.baby_alert_app-dyHGeNClWqkQYWhryYJeDg==/base.apk (domain=app) using linking: denied
2025-09-04 10:49:46.059   946-1648  BufferQueueDebug        surfaceflinger                       E  [com.example.baby_alert_app/com.example.baby_alert_app.MainActivity$_11230#0](this:0xb400006f5ce43948,id:-1,api:0,p:-1,c:-1) id info cannot be read from 'com.example.baby_alert_app/com.example.baby_alert_app.MainActivity$_11230#0'
2025-09-04 10:49:46.107   946-1002  BufferQueueDebug        surfaceflinger                       E  [SurfaceView - com.example.baby_alert_app/com.example.baby_alert_app.MainActivity@7c290b0@0(BLAST)#0](this:0xb400006f5ad36948,id:-1,api:0,p:-1,c:-1) id info cannot be read from 'SurfaceView - com.example.baby_alert_app/com.example.baby_alert_app.MainActivity@7c290b0@0(BLAST)#0'
2025-09-04 10:49:49.462  1291-1291  NotificationService     system_server                        E  Muting recently noisy 0|com.example.baby_alert_app|888|null|10255
2025-09-04 10:49:56.504  1291-1470  WindowManager           system_server                        E  win=Window{558fadc u0 Splash Screen com.example.baby_alert_app EXITING} destroySurfaces: appStopped=false win.mWindowRemovalAllowed=true win.mRemoveOnExit=true win.mViewVisibility=8 caller=com.android.server.wm.ActivityRecord.destroySurfaces:5873 com.android.server.wm.ActivityRecord.destroySurfaces:5854 com.android.server.wm.WindowState.onExitAnimationDone:5993 com.android.server.wm.WindowStateAnimator.onAnimationFinished:242 com.android.server.wm.WindowState.onAnimationFinished:6246 com.android.server.wm.WindowContainer$$ExternalSyntheticLambda0.onAnimationFinished:2 com.android.server.wm.SurfaceAnimator.lambda$getFinishedCallback$0$SurfaceAnimator:113 
2025-09-04 10:50:01.098  1291-2094  WindowManager           system_server                        E  win=Window{f7f6b42 u0 com.example.baby_alert_app/com.example.baby_alert_app.MainActivity} destroySurfaces: appStopped=true win.mWindowRemovalAllowed=false win.mRemoveOnExit=false win.mViewVisibility=8 caller=com.android.server.wm.ActivityRecord.destroySurfaces:5873 com.android.server.wm.ActivityRecord.destroySurfaces:5854 com.android.server.wm.ActivityRecord.notifyAppStopped:5918 com.android.server.wm.ActivityRecord.activityStopped:6560 com.android.server.wm.ActivityClientController.activityStopped:265 android.app.IActivityClientController$Stub.onTransact:596 com.android.server.wm.ActivityClientController.onTransact:141 
2025-09-04 10:52:54.795   648-648   audit                   auditd                               E  type=1400 audit(1756950774.791:24703): avc:  granted  { execute } for  pid=11608 comm="install_server-" path="/data/data/com.example.baby_alert_app/code_cache/install_server-3fc68f17" dev="mmcblk0p50" ino=22242 scontext=u:r:runas_app:s0:c255,c256,c512,c768 tcontext=u:object_r:app_data_file:s0:c255,c256,c512,c768 tclass=file SEPF_SM-A125N_12_0001 audit_filtered
2025-09-04 10:52:55.268   946-1723  BufferQueueDebug        surfaceflinger                       E  [Splash Screen com.example.baby_alert_app$_1951#0](this:0xb400006f5ce46948,id:-1,api:0,p:-1,c:-1) id info cannot be read from 'Splash Screen com.example.baby_alert_app$_1951#0'
2025-09-04 10:52:55.316 11631-11631 USNET                   pid-11631                            E  USNET: appName: com.example.baby_alert_app
2025-09-04 10:52:55.458   648-648   audit                   auditd                               E  type=1400 audit(1756950775.455:24704): avc:  granted  { execute } for  pid=11631 comm="re-initialized>" path="/data/data/com.example.baby_alert_app/code_cache/startup_agents/3fc68f17-agent.so" dev="mmcblk0p50" ino=18681 scontext=u:r:untrusted_app:s0:c255,c256,c512,c768 tcontext=u:object_r:app_data_file:s0:c255,c256,c512,c768 tclass=file SEPF_SM-A125N_12_0001 audit_filtered
2025-09-04 10:52:56.961 11631-11631 .baby_alert_ap          pid-11631                            E  hiddenapi: Accessing hidden method Landroid/view/SurfaceControl$Builder;->setHidden(Z)Landroid/view/SurfaceControl$Builder; (runtime_flags=0, domain=platform, api=blocked) from /data/app/~~Bya-kp3WIK4eU1Yq6GzKrQ==/com.example.baby_alert_app-dyHGeNClWqkQYWhryYJeDg==/base.apk (domain=app) using linking: denied
2025-09-04 10:52:59.146   946-1003  BufferQueueDebug        surfaceflinger                       E  [com.example.baby_alert_app/com.example.baby_alert_app.MainActivity$_11631#0](this:0xb400006f5cdaf948,id:-1,api:0,p:-1,c:-1) id info cannot be read from 'com.example.baby_alert_app/com.example.baby_alert_app.MainActivity$_11631#0'
2025-09-04 10:52:59.194   946-1722  BufferQueueDebug        surfaceflinger                       E  [SurfaceView - com.example.baby_alert_app/com.example.baby_alert_app.MainActivity@c06692d@0(BLAST)#0](this:0xb400006f5ac63948,id:-1,api:0,p:-1,c:-1) id info cannot be read from 'SurfaceView - com.example.baby_alert_app/com.example.baby_alert_app.MainActivity@c06692d@0(BLAST)#0'
2025-09-04 10:53:02.667  1291-1291  NotificationService     system_server                        E  Muting recently noisy 0|com.example.baby_alert_app|888|null|10255
2025-09-04 10:53:06.653  1291-1470  WindowManager           system_server                        E  win=Window{d84bf82 u0 Splash Screen com.example.baby_alert_app EXITING} destroySurfaces: appStopped=false win.mWindowRemovalAllowed=true win.mRemoveOnExit=true win.mViewVisibility=8 caller=com.android.server.wm.ActivityRecord.destroySurfaces:5873 com.android.server.wm.ActivityRecord.destroySurfaces:5854 com.android.server.wm.WindowState.onExitAnimationDone:5993 com.android.server.wm.WindowStateAnimator.onAnimationFinished:242 com.android.server.wm.WindowState.onAnimationFinished:6246 com.android.server.wm.WindowContainer$$ExternalSyntheticLambda0.onAnimationFinished:2 com.android.server.wm.SurfaceAnimator.lambda$getFinishedCallback$0$SurfaceAnimator:113 
2025-09-04 10:53:53.010  1291-4719  WindowManager           system_server                        E  win=Window{bfb2489 u0 com.example.baby_alert_app/com.example.baby_alert_app.MainActivity} destroySurfaces: appStopped=true win.mWindowRemovalAllowed=false win.mRemoveOnExit=false win.mViewVisibility=8 caller=com.android.server.wm.ActivityRecord.destroySurfaces:5873 com.android.server.wm.ActivityRecord.destroySurfaces:5854 com.android.server.wm.ActivityRecord.notifyAppStopped:5918 com.android.server.wm.ActivityRecord.activityStopped:6560 com.android.server.wm.ActivityClientController.activityStopped:265 android.app.IActivityClientController$Stub.onTransact:596 com.android.server.wm.ActivityClientController.onTransact:141 
2025-09-04 10:55:35.901   946-1003  BufferQueueDebug        surfaceflinger                       E  [com.example.baby_alert_app/com.example.baby_alert_app.MainActivity$_11631#0](this:0xb400006f5cebe948,id:-1,api:0,p:-1,c:-1) id info cannot be read from 'com.example.baby_alert_app/com.example.baby_alert_app.MainActivity$_11631#0'
2025-09-04 10:55:35.919   946-1723  BufferQueueDebug        surfaceflinger                       E  [SurfaceView - com.example.baby_alert_app/com.example.baby_alert_app.MainActivity@c06692d@1(BLAST)#0](this:0xb400006f5ce43948,id:-1,api:0,p:-1,c:-1) id info cannot be read from 'SurfaceView - com.example.baby_alert_app/com.example.baby_alert_app.MainActivity@c06692d@1(BLAST)#0'
2025-09-04 10:56:40.582  1291-4998  WindowManager           system_server                        E  win=Window{bfb2489 u0 com.example.baby_alert_app/com.example.baby_alert_app.MainActivity} destroySurfaces: appStopped=true win.mWindowRemovalAllowed=false win.mRemoveOnExit=false win.mViewVisibility=8 caller=com.android.server.wm.ActivityRecord.destroySurfaces:5873 com.android.server.wm.ActivityRecord.destroySurfaces:5854 com.android.server.wm.ActivityRecord.notifyAppStopped:5918 com.android.server.wm.ActivityRecord.activityStopped:6560 com.android.server.wm.ActivityClientController.activityStopped:265 android.app.IActivityClientController$Stub.onTransact:596 com.android.server.wm.ActivityClientController.onTransact:141 
2025-09-04 11:04:43.264   946-1722  BufferQueueDebug        surfaceflinger                       E  [com.example.baby_alert_app/com.example.baby_alert_app.MainActivity$_11631#0](this:0xb400006f5ad3f948,id:-1,api:0,p:-1,c:-1) id info cannot be read from 'com.example.baby_alert_app/com.example.baby_alert_app.MainActivity$_11631#0'
2025-09-04 11:04:43.279   946-1648  BufferQueueDebug        surfaceflinger                       E  [SurfaceView - com.example.baby_alert_app/com.example.baby_alert_app.MainActivity@c06692d@2(BLAST)#0](this:0xb400006f5cdaf948,id:-1,api:0,p:-1,c:-1) id info cannot be read from 'SurfaceView - com.example.baby_alert_app/com.example.baby_alert_app.MainActivity@c06692d@2(BLAST)#0'
2025-09-04 11:06:41.757  1291-2572  WindowManager           system_server                        E  win=Window{bfb2489 u0 com.example.baby_alert_app/com.example.baby_alert_app.MainActivity} destroySurfaces: appStopped=true win.mWindowRemovalAllowed=false win.mRemoveOnExit=false win.mViewVisibility=8 caller=com.android.server.wm.ActivityRecord.destroySurfaces:5873 com.android.server.wm.ActivityRecord.destroySurfaces:5854 com.android.server.wm.ActivityRecord.notifyAppStopped:5918 com.android.server.wm.ActivityRecord.activityStopped:6560 com.android.server.wm.ActivityClientController.activityStopped:265 android.app.IActivityClientController$Stub.onTransact:596 com.android.server.wm.ActivityClientController.onTransact:141 
2025-09-04 11:08:34.194   946-1002  BufferQueueDebug        surfaceflinger                       E  [com.example.baby_alert_app/com.example.baby_alert_app.MainActivity$_11631#0](this:0xb400006f5ac5f948,id:-1,api:0,p:-1,c:-1) id info cannot be read from 'com.example.baby_alert_app/com.example.baby_alert_app.MainActivity$_11631#0'
2025-09-04 11:08:34.209   946-1648  BufferQueueDebug        surfaceflinger                       E  [SurfaceView - com.example.baby_alert_app/com.example.baby_alert_app.MainActivity@c06692d@3(BLAST)#0](this:0xb400006f5ce62948,id:-1,api:0,p:-1,c:-1) id info cannot be read from 'SurfaceView - com.example.baby_alert_app/com.example.baby_alert_app.MainActivity@c06692d@3(BLAST)#0'
2025-09-04 11:09:29.464  1291-4705  WindowManager           system_server                        E  win=Window{bfb2489 u0 com.example.baby_alert_app/com.example.baby_alert_app.MainActivity} destroySurfaces: appStopped=true win.mWindowRemovalAllowed=false win.mRemoveOnExit=false win.mViewVisibility=8 caller=com.android.server.wm.ActivityRecord.destroySurfaces:5873 com.android.server.wm.ActivityRecord.destroySurfaces:5854 com.android.server.wm.ActivityRecord.notifyAppStopped:5918 com.android.server.wm.ActivityRecord.activityStopped:6560 com.android.server.wm.ActivityClientController.activityStopped:265 android.app.IActivityClientController$Stub.onTransact:596 com.android.server.wm.ActivityClientController.onTransact:141 
2025-09-04 11:34:56.623   946-1002  BufferQueueDebug        surfaceflinger                       E  [com.example.baby_alert_app/com.example.baby_alert_app.MainActivity$_11631#0](this:0xb400006f5ac65948,id:-1,api:0,p:-1,c:-1) id info cannot be read from 'com.example.baby_alert_app/com.example.baby_alert_app.MainActivity$_11631#0'
2025-09-04 11:34:56.643   946-1003  BufferQueueDebug        surfaceflinger                       E  [SurfaceView - com.example.baby_alert_app/com.example.baby_alert_app.MainActivity@c06692d@4(BLAST)#0](this:0xb400006f5ce49948,id:-1,api:0,p:-1,c:-1) id info cannot be read from 'SurfaceView - com.example.baby_alert_app/com.example.baby_alert_app.MainActivity@c06692d@4(BLAST)#0'
2025-09-04 11:35:46.056   946-1003  BufferQueueDebug        surfaceflinger                       E  [Splash Screen com.example.baby_alert_app$_1951#0](this:0xb400006f5c658948,id:-1,api:0,p:-1,c:-1) id info cannot be read from 'Splash Screen com.example.baby_alert_app$_1951#0'
2025-09-04 11:35:46.488 14094-14094 USNET                   pid-14094                            E  USNET: appName: com.example.baby_alert_app
2025-09-04 11:35:46.515  1291-10086 WindowManager           system_server                        E  win=Window{d470468 u0 Splash Screen com.example.baby_alert_app EXITING} destroySurfaces: appStopped=false win.mWindowRemovalAllowed=true win.mRemoveOnExit=true win.mViewVisibility=0 caller=com.android.server.wm.ActivityRecord.destroySurfaces:5873 com.android.server.wm.ActivityRecord.destroySurfaces:5854 com.android.server.wm.WindowState.onExitAnimationDone:5993 com.android.server.wm.ActivityRecord$$ExternalSyntheticLambda13.accept:2 java.util.ArrayList.forEach:1613 com.android.server.wm.ActivityRecord.onAnimationFinished:7946 com.android.server.wm.WindowContainer.doAnimationFinished:3107 
2025-09-04 11:35:46.849   946-1002  BufferQueueDebug        surfaceflinger                       E  [Splash Screen com.example.baby_alert_app$_1951#0](this:0xb400006f5ac93948,id:-1,api:0,p:-1,c:-1) id info cannot be read from 'Splash Screen com.example.baby_alert_app$_1951#0'
2025-09-04 11:35:46.881 14130-14130 USNET                   pid-14130                            E  USNET: appName: com.example.baby_alert_app
2025-09-04 11:35:47.811  1291-1524  VerityUtils             system_server                        E  Failed to measure fs-verity, errno 1: /data/app/~~81pm2S3hhTnIJ4168LS_dw==/com.example.baby_alert_app-mjkcqe0DOaMdTeeg3Vbb5g==/base.apk
2025-09-04 11:35:48.511  1291-1524  VerityUtils             system_server                        E  Failed to measure fs-verity, errno 1: /data/app/~~81pm2S3hhTnIJ4168LS_dw==/com.example.baby_alert_app-mjkcqe0DOaMdTeeg3Vbb5g==/base.apk
2025-09-04 11:35:49.975 14130-14130 .baby_alert_ap          pid-14130                            E  hiddenapi: Accessing hidden method Landroid/view/SurfaceControl$Builder;->setHidden(Z)Landroid/view/SurfaceControl$Builder; (runtime_flags=0, domain=platform, api=blocked) from /data/app/~~81pm2S3hhTnIJ4168LS_dw==/com.example.baby_alert_app-mjkcqe0DOaMdTeeg3Vbb5g==/base.apk (domain=app) using linking: denied
2025-09-04 11:35:52.392   946-1648  BufferQueueDebug        surfaceflinger                       E  [com.example.baby_alert_app/com.example.baby_alert_app.MainActivity$_14130#0](this:0xb400006f5ceb0948,id:-1,api:0,p:-1,c:-1) id info cannot be read from 'com.example.baby_alert_app/com.example.baby_alert_app.MainActivity$_14130#0'
2025-09-04 11:35:52.448   946-1003  BufferQueueDebug        surfaceflinger                       E  [SurfaceView - com.example.baby_alert_app/com.example.baby_alert_app.MainActivity@e0d6b29@0(BLAST)#0](this:0xb400006f5c64c948,id:-1,api:0,p:-1,c:-1) id info cannot be read from 'SurfaceView - com.example.baby_alert_app/com.example.baby_alert_app.MainActivity@e0d6b29@0(BLAST)#0'
2025-09-04 11:35:56.169  1291-1291  NotificationService     system_server                        E  Muting recently noisy 0|com.example.baby_alert_app|888|null|10255
2025-09-04 11:36:03.501  1291-4707  WindowManager           system_server                        E  win=Window{99738d8 u0 Splash Screen com.example.baby_alert_app EXITING} destroySurfaces: appStopped=false win.mWindowRemovalAllowed=true win.mRemoveOnExit=true win.mViewVisibility=0 caller=com.android.server.wm.ActivityRecord.destroySurfaces:5873 com.android.server.wm.ActivityRecord.destroySurfaces:5854 com.android.server.wm.WindowState.onExitAnimationDone:5993 com.android.server.wm.ActivityRecord$$ExternalSyntheticLambda13.accept:2 java.util.ArrayList.forEach:1613 com.android.server.wm.ActivityRecord.onAnimationFinished:7946 com.android.server.wm.ActivityRecord.postApplyAnimation:5604 
2025-09-04 11:36:04.517  1291-2440  WindowManager           system_server                        E  win=Window{63d43ba u0 com.example.baby_alert_app/com.example.baby_alert_app.MainActivity} destroySurfaces: appStopped=true win.mWindowRemovalAllowed=false win.mRemoveOnExit=false win.mViewVisibility=8 caller=com.android.server.wm.ActivityRecord.destroySurfaces:5873 com.android.server.wm.ActivityRecord.destroySurfaces:5854 com.android.server.wm.ActivityRecord.notifyAppStopped:5918 com.android.server.wm.ActivityRecord.activityStopped:6560 com.android.server.wm.ActivityClientController.activityStopped:265 android.app.IActivityClientController$Stub.onTransact:596 com.android.server.wm.ActivityClientController.onTransact:141 
2025-09-04 11:36:09.295   946-1723  BufferQueueDebug        surfaceflinger                       E  [Splash Screen com.example.baby_alert_app$_1951#0](this:0xb400006f5ce23948,id:-1,api:0,p:-1,c:-1) id info cannot be read from 'Splash Screen com.example.baby_alert_app$_1951#0'
2025-09-04 11:36:10.802   946-1722  BufferQueueDebug        surfaceflinger                       E  [com.example.baby_alert_app/com.example.baby_alert_app.MainActivity$_14130#0](this:0xb400006f5ad73948,id:-1,api:0,p:-1,c:-1) id info cannot be read from 'com.example.baby_alert_app/com.example.baby_alert_app.MainActivity$_14130#0'
2025-09-04 11:36:10.834   946-1648  BufferQueueDebug        surfaceflinger                       E  [SurfaceView - com.example.baby_alert_app/com.example.baby_alert_app.MainActivity@c0e8b06@0(BLAST)#0](this:0xb400006f5cea1948,id:-1,api:0,p:-1,c:-1) id info cannot be read from 'SurfaceView - com.example.baby_alert_app/com.example.baby_alert_app.MainActivity@c0e8b06@0(BLAST)#0'
2025-09-04 11:36:14.944  1291-1470  WindowManager           system_server                        E  win=Window{ad068d8 u0 Splash Screen com.example.baby_alert_app EXITING} destroySurfaces: appStopped=false win.mWindowRemovalAllowed=true win.mRemoveOnExit=true win.mViewVisibility=8 caller=com.android.server.wm.ActivityRecord.destroySurfaces:5873 com.android.server.wm.ActivityRecord.destroySurfaces:5854 com.android.server.wm.WindowState.onExitAnimationDone:5993 com.android.server.wm.WindowStateAnimator.onAnimationFinished:242 com.android.server.wm.WindowState.onAnimationFinished:6246 com.android.server.wm.WindowContainer$$ExternalSyntheticLambda0.onAnimationFinished:2 com.android.server.wm.SurfaceAnimator.lambda$getFinishedCallback$0$SurfaceAnimator:113 
2025-09-04 11:36:58.281  1291-4719  WindowManager           system_server                        E  win=Window{e4cab7b u0 com.example.baby_alert_app/com.example.baby_alert_app.MainActivity} destroySurfaces: appStopped=true win.mWindowRemovalAllowed=false win.mRemoveOnExit=false win.mViewVisibility=8 caller=com.android.server.wm.ActivityRecord.destroySurfaces:5873 com.android.server.wm.ActivityRecord.destroySurfaces:5854 com.android.server.wm.ActivityRecord.notifyAppStopped:5918 com.android.server.wm.ActivityRecord.activityStopped:6560 com.android.server.wm.ActivityClientController.activityStopped:265 android.app.IActivityClientController$Stub.onTransact:596 com.android.server.wm.ActivityClientController.onTransact:141 
2025-09-04 12:10:49.697   946-1723  BufferQueueDebug        surfaceflinger                       E  [com.example.baby_alert_app/com.example.baby_alert_app.MainActivity$_14130#0](this:0xb400006f5ce32948,id:-1,api:0,p:-1,c:-1) id info cannot be read from 'com.example.baby_alert_app/com.example.baby_alert_app.MainActivity$_14130#0'
2025-09-04 12:10:49.723   946-1723  BufferQueueDebug        surfaceflinger                       E  [SurfaceView - com.example.baby_alert_app/com.example.baby_alert_app.MainActivity@c0e8b06@1(BLAST)#0](this:0xb400006f5ce4e948,id:-1,api:0,p:-1,c:-1) id info cannot be read from 'SurfaceView - com.example.baby_alert_app/com.example.baby_alert_app.MainActivity@c0e8b06@1(BLAST)#0'
2025-09-04 12:10:53.397  1939-3976  BtGatt.GattService      com.android.bluetooth                E  [GSIM LOG]: gsimLogHandler, msg: MESSAGE_SCAN_START, appName: com.example.baby_alert_app, scannerId: 10, reportDelayMillis=0
2025-09-04 12:10:55.936  1939-3976  BtGatt.GattService      com.android.bluetooth                E  [GSIM LOG]: gsimLogHandler, msg: MESSAGE_SCAN_STOP, appName: com.example.baby_alert_app, scannerId: 10, reportDelayMillis=0
2025-09-04 12:10:56.306  1939-3976  BtGatt.GattService      com.android.bluetooth                E  [GSIM LOG]: gsimLogHandler, msg: MESSAGE_SCAN_START, appName: com.example.baby_alert_app, scannerId: 10, reportDelayMillis=0
2025-09-04 12:11:02.389  1939-3976  BtGatt.GattService      com.android.bluetooth                E  [GSIM LOG]: gsimLogHandler, msg: MESSAGE_SCAN_STOP, appName: com.example.baby_alert_app, scannerId: 10, reportDelayMillis=0
2025-09-04 12:11:19.731  1291-1953  WindowManager           system_server                        E  win=Window{e4cab7b u0 com.example.baby_alert_app/com.example.baby_alert_app.MainActivity} destroySurfaces: appStopped=true win.mWindowRemovalAllowed=false win.mRemoveOnExit=false win.mViewVisibility=8 caller=com.android.server.wm.ActivityRecord.destroySurfaces:5873 com.android.server.wm.ActivityRecord.destroySurfaces:5854 com.android.server.wm.ActivityRecord.notifyAppStopped:5918 com.android.server.wm.ActivityRecord.activityStopped:6560 com.android.server.wm.ActivityClientController.activityStopped:265 android.app.IActivityClientController$Stub.onTransact:596 com.android.server.wm.ActivityClientController.onTransact:141 
2025-09-04 12:11:25.033   946-1648  BufferQueueDebug        surfaceflinger                       E  [com.example.baby_alert_app/com.example.baby_alert_app.MainActivity$_14130#0](this:0xb400006f5ce48948,id:-1,api:0,p:-1,c:-1) id info cannot be read from 'com.example.baby_alert_app/com.example.baby_alert_app.MainActivity$_14130#0'
2025-09-04 12:11:25.050   946-1723  BufferQueueDebug        surfaceflinger                       E  [SurfaceView - com.example.baby_alert_app/com.example.baby_alert_app.MainActivity@c0e8b06@2(BLAST)#0](this:0xb400006f5cea1948,id:-1,api:0,p:-1,c:-1) id info cannot be read from 'SurfaceView - com.example.baby_alert_app/com.example.baby_alert_app.MainActivity@c0e8b06@2(BLAST)#0'
2025-09-04 12:11:27.234  1291-3891  WindowManager           system_server                        E  win=Window{e4cab7b u0 com.example.baby_alert_app/com.example.baby_alert_app.MainActivity} destroySurfaces: appStopped=true win.mWindowRemovalAllowed=false win.mRemoveOnExit=false win.mViewVisibility=4 caller=com.android.server.wm.ActivityRecord.destroySurfaces:5873 com.android.server.wm.ActivityRecord.destroySurfaces:5854 com.android.server.wm.ActivityRecord.notifyAppStopped:5918 com.android.server.wm.ActivityRecord.activityStopped:6560 com.android.server.wm.ActivityClientController.activityStopped:265 android.app.IActivityClientController$Stub.onTransact:596 com.android.server.wm.ActivityClientController.onTransact:141 
2025-09-04 12:40:50.840   946-1003  BufferQueueDebug        surfaceflinger                       E  [Splash Screen com.example.baby_alert_app$_20869#0](this:0xb40000700c0e7948,id:-1,api:0,p:-1,c:-1) id info cannot be read from 'Splash Screen com.example.baby_alert_app$_20869#0'
2025-09-04 12:40:51.232 22691-22691 USNET                   pid-22691                            E  USNET: appName: com.example.baby_alert_app
2025-09-04 12:40:51.304  1291-1524  VerityUtils             system_server                        E  Failed to measure fs-verity, errno 1: /data/app/~~W3_PzLrTpdj3KqMg7Wjp3g==/com.example.baby_alert_app-IO89Ol-vZ-5m4HfrnESu5A==/base.apk
2025-09-04 12:40:54.138  1291-1524  VerityUtils             system_server                        E  Failed to measure fs-verity, errno 1: /data/app/~~W3_PzLrTpdj3KqMg7Wjp3g==/com.example.baby_alert_app-IO89Ol-vZ-5m4HfrnESu5A==/base.apk
2025-09-04 12:40:54.256 22691-22691 .baby_alert_ap          pid-22691                            E  hiddenapi: Accessing hidden method Landroid/view/SurfaceControl$Builder;->setHidden(Z)Landroid/view/SurfaceControl$Builder; (runtime_flags=0, domain=platform, api=blocked) from /data/app/~~W3_PzLrTpdj3KqMg7Wjp3g==/com.example.baby_alert_app-IO89Ol-vZ-5m4HfrnESu5A==/base.apk (domain=app) using linking: denied
2025-09-04 12:40:56.437   946-1648  BufferQueueDebug        surfaceflinger                       E  [com.example.baby_alert_app/com.example.baby_alert_app.MainActivity$_22691#0](this:0xb400006f5cd9f948,id:-1,api:0,p:-1,c:-1) id info cannot be read from 'com.example.baby_alert_app/com.example.baby_alert_app.MainActivity$_22691#0'
2025-09-04 12:40:56.482   946-1003  BufferQueueDebug        surfaceflinger                       E  [SurfaceView - com.example.baby_alert_app/com.example.baby_alert_app.MainActivity@7c290b0@0(BLAST)#0](this:0xb400006f5ce39948,id:-1,api:0,p:-1,c:-1) id info cannot be read from 'SurfaceView - com.example.baby_alert_app/com.example.baby_alert_app.MainActivity@7c290b0@0(BLAST)#0'
2025-09-04 12:41:00.208  1291-1291  NotificationService     system_server                        E  Muting recently noisy 0|com.example.baby_alert_app|888|null|10255
