2025-09-04 12:41:07.064  1291-1470  WindowManager           system_server                        E  win=Window{277bac9 u0 Splash Screen com.example.baby_alert_app EXITING} destroySurfaces: appStopped=false win.mWindowRemovalAllowed=true win.mRemoveOnExit=true win.mViewVisibility=8 caller=com.android.server.wm.ActivityRecord.destroySurfaces:5873 com.android.server.wm.ActivityRecord.destroySurfaces:5854 com.android.server.wm.WindowState.onExitAnimationDone:5993 com.android.server.wm.WindowStateAnimator.onAnimationFinished:242 com.android.server.wm.WindowState.onAnimationFinished:6246 com.android.server.wm.WindowContainer$$ExternalSyntheticLambda0.onAnimationFinished:2 com.android.server.wm.SurfaceAnimator.lambda$getFinishedCallback$0$SurfaceAnimator:113 
2025-09-04 12:41:16.474  1291-3392  WindowManager           system_server                        E  win=Window{6900820 u0 com.example.baby_alert_app/com.example.baby_alert_app.MainActivity} destroySurfaces: appStopped=true win.mWindowRemovalAllowed=false win.mRemoveOnExit=false win.mViewVisibility=8 caller=com.android.server.wm.ActivityRecord.destroySurfaces:5873 com.android.server.wm.ActivityRecord.destroySurfaces:5854 com.android.server.wm.ActivityRecord.notifyAppStopped:5918 com.android.server.wm.ActivityRecord.activityStopped:6560 com.android.server.wm.ActivityClientController.activityStopped:265 android.app.IActivityClientController$Stub.onTransact:596 com.android.server.wm.ActivityClientController.onTransact:141 
2025-09-04 12:43:20.772   946-1722  BufferQueueDebug        surfaceflinger                       E  [com.example.baby_alert_app/com.example.baby_alert_app.MainActivity$_22691#0](this:0xb400006f5ac64948,id:-1,api:0,p:-1,c:-1) id info cannot be read from 'com.example.baby_alert_app/com.example.baby_alert_app.MainActivity$_22691#0'
2025-09-04 12:43:20.787   946-1648  BufferQueueDebug        surfaceflinger                       E  [SurfaceView - com.example.baby_alert_app/com.example.baby_alert_app.MainActivity@7c290b0@1(BLAST)#0](this:0xb400006f5cde0948,id:-1,api:0,p:-1,c:-1) id info cannot be read from 'SurfaceView - com.example.baby_alert_app/com.example.baby_alert_app.MainActivity@7c290b0@1(BLAST)#0'
2025-09-04 12:43:20.965 22691-22804 BLASTBufferQueue        pid-22691                            E  [SurfaceView - com.example.baby_alert_app/com.example.baby_alert_app.MainActivity@7c290b0@1#3](f:0,a:0) rejecting buffer:active_size=720x1510, requested_size=720x1510 buffer{size=720x1600 transform=0}
2025-09-04 12:45:14.519  1291-2965  WindowManager           system_server                        E  win=Window{6900820 u0 com.example.baby_alert_app/com.example.baby_alert_app.MainActivity} destroySurfaces: appStopped=true win.mWindowRemovalAllowed=false win.mRemoveOnExit=false win.mViewVisibility=8 caller=com.android.server.wm.ActivityRecord.destroySurfaces:5873 com.android.server.wm.ActivityRecord.destroySurfaces:5854 com.android.server.wm.ActivityRecord.notifyAppStopped:5918 com.android.server.wm.ActivityRecord.activityStopped:6560 com.android.server.wm.ActivityClientController.activityStopped:265 android.app.IActivityClientController$Stub.onTransact:596 com.android.server.wm.ActivityClientController.onTransact:141 
2025-09-04 12:46:35.052  1291-1291  EdgeLighti...entManager system_server                        E  stopEdgeLightingInternal mHosts is null. pkg=com.example.baby_alert_app,reason=1
2025-09-04 12:46:35.073  1291-1291  EdgeLighti...entManager system_server                        E  stopEdgeLightingInternal mHosts is null. pkg=com.example.baby_alert_app,reason=1
2025-09-04 12:46:43.365  1291-1524  VerityUtils             system_server                        E  Failed to measure fs-verity, errno 1: /data/app/~~h080ACkmu3t1LlZnLlQFNg==/com.example.baby_alert_app-EkPfRcX-85Cvg0WKdRlwpQ==/base.apk
2025-09-04 12:46:43.676 23382-23382 .baby_alert_ap          com.example.baby_alert_app           I  Late-enabling -Xcheck:jni
2025-09-04 12:46:43.761 23382-23382 .baby_alert_ap          com.example.baby_alert_app           I  Using CollectorTypeCC GC.
2025-09-04 12:46:43.784 23382-23382 USNET                   com.example.baby_alert_app           E  USNET: appName: com.example.baby_alert_app
2025-09-04 12:46:43.801 23382-23382 ProcessState            com.example.baby_alert_app           D  Binder ioctl to enable oneway spam detection failed: Invalid argument
2025-09-04 12:46:43.811 23382-23382 ActivityThread          com.example.baby_alert_app           D  setConscryptValidator
2025-09-04 12:46:43.812 23382-23382 ActivityThread          com.example.baby_alert_app           D  setConscryptValidator - put
2025-09-04 12:46:43.942 23382-23382 ActivityThread          com.example.baby_alert_app           D  handleBindApplication()++ app=com.example.baby_alert_app
2025-09-04 12:46:43.951 23382-23382 Compatibil...geReporter com.example.baby_alert_app           D  Compat change id reported: 171979766; UID 10255; state: ENABLED
2025-09-04 12:46:44.032  1291-1524  VerityUtils             system_server                        E  Failed to measure fs-verity, errno 1: /data/app/~~h080ACkmu3t1LlZnLlQFNg==/com.example.baby_alert_app-EkPfRcX-85Cvg0WKdRlwpQ==/base.apk
2025-09-04 12:46:44.433 23382-23382 nativeloader            com.example.baby_alert_app           D  Configuring clns-4 for other apk /data/app/~~h080ACkmu3t1LlZnLlQFNg==/com.example.baby_alert_app-EkPfRcX-85Cvg0WKdRlwpQ==/base.apk. target_sdk_version=36, uses_libraries=, library_path=/data/app/~~h080ACkmu3t1LlZnLlQFNg==/com.example.baby_alert_app-EkPfRcX-85Cvg0WKdRlwpQ==/lib/arm64:/data/app/~~h080ACkmu3t1LlZnLlQFNg==/com.example.baby_alert_app-EkPfRcX-85Cvg0WKdRlwpQ==/base.apk!/lib/arm64-v8a, permitted_path=/data:/mnt/expand:/data/user/0/com.example.baby_alert_app
2025-09-04 12:46:44.460 23382-23382 GraphicsEnvironment     com.example.baby_alert_app           V  ANGLE Developer option for 'com.example.baby_alert_app' set to: 'default'
2025-09-04 12:46:44.461 23382-23382 GraphicsEnvironment     com.example.baby_alert_app           V  Neither updatable production driver nor prerelease driver is supported.
2025-09-04 12:46:44.471 23382-23382 LoadedApk               com.example.baby_alert_app           D  LoadedApk::makeApplication() appContext.mOpPackageName=com.example.baby_alert_app appContext.mBasePackageName=com.example.baby_alert_app
2025-09-04 12:46:44.471 23382-23382 NetworkSecurityConfig   com.example.baby_alert_app           D  No Network Security Config specified, using platform default
2025-09-04 12:46:44.678 23382-23382 NetworkSecurityConfig   com.example.baby_alert_app           D  No Network Security Config specified, using platform default
2025-09-04 12:46:44.726 23382-23382 ActivityThread          com.example.baby_alert_app           D  handleBindApplication() --
2025-09-04 12:46:44.743 23382-23418 OpenGLRenderer          com.example.baby_alert_app           D  RenderThread::requireGlContext()
2025-09-04 12:46:44.743 23382-23418 libMEOW                 com.example.baby_alert_app           D  meow new tls: 0xb4000078e1abb300
2025-09-04 12:46:44.744 23382-23418 libMEOW                 com.example.baby_alert_app           D  meow reload base cfg path: na
2025-09-04 12:46:44.744 23382-23418 libMEOW                 com.example.baby_alert_app           D  meow reload overlay cfg path: na
2025-09-04 12:46:44.756 23382-23418 QT                      com.example.baby_alert_app           E  [QT]file does not exist
2025-09-04 12:46:44.758 23382-23418 libMEOW                 com.example.baby_alert_app           D  applied 2 plugins for [com.example.baby_alert_app]:
2025-09-04 12:46:44.758 23382-23418 libMEOW                 com.example.baby_alert_app           D    plugin 1: [libMEOW_gift.so]:
2025-09-04 12:46:44.758 23382-23418 libMEOW                 com.example.baby_alert_app           D    plugin 2: [libMEOW_semaphore]:
2025-09-04 12:46:44.768 23382-23418 hw-ProcessState         com.example.baby_alert_app           D  Binder ioctl to enable oneway spam detection failed: Invalid argument
2025-09-04 12:46:44.790 23382-23418 OpenGLRenderer          com.example.baby_alert_app           D  RenderThread::setGrContext()
2025-09-04 12:46:44.837 23382-23421 FlutterJNI              com.example.baby_alert_app           D  Beginning load of flutter...
2025-09-04 12:46:44.839 23382-23422 ResourceExtractor       com.example.baby_alert_app           I  Found extracted resources res_timestamp-1-1756957249806
2025-09-04 12:46:44.839 23382-23422 ResourceExtractor       com.example.baby_alert_app           I  Resource version mismatch res_timestamp-1-1756957601637
2025-09-04 12:46:44.917 23382-23421 nativeloader            com.example.baby_alert_app           D  Load /data/app/~~h080ACkmu3t1LlZnLlQFNg==/com.example.baby_alert_app-EkPfRcX-85Cvg0WKdRlwpQ==/base.apk!/lib/arm64-v8a/libflutter.so using class loader ns clns-4 (caller=/data/app/~~h080ACkmu3t1LlZnLlQFNg==/com.example.baby_alert_app-EkPfRcX-85Cvg0WKdRlwpQ==/base.apk): ok
2025-09-04 12:46:44.921 23382-23421 FlutterJNI              com.example.baby_alert_app           D  flutter (null) was loaded normally!
2025-09-04 12:46:46.100 23382-23422 ResourceExtractor       com.example.baby_alert_app           I  Extracted baseline resource assets/flutter_assets/kernel_blob.bin
2025-09-04 12:46:46.104 23382-23422 ResourceExtractor       com.example.baby_alert_app           I  Extracted baseline resource assets/flutter_assets/vm_snapshot_data
2025-09-04 12:46:46.348 23382-23422 ResourceExtractor       com.example.baby_alert_app           I  Extracted baseline resource assets/flutter_assets/isolate_snapshot_data
2025-09-04 12:46:46.507 23382-23382 .baby_alert_ap          com.example.baby_alert_app           E  hiddenapi: Accessing hidden method Landroid/view/SurfaceControl$Builder;->setHidden(Z)Landroid/view/SurfaceControl$Builder; (runtime_flags=0, domain=platform, api=blocked) from /data/app/~~h080ACkmu3t1LlZnLlQFNg==/com.example.baby_alert_app-EkPfRcX-85Cvg0WKdRlwpQ==/base.apk (domain=app) using linking: denied
2025-09-04 12:46:46.600 23382-23425 vulkan                  com.example.baby_alert_app           D  searching for layers in '/data/app/~~h080ACkmu3t1LlZnLlQFNg==/com.example.baby_alert_app-EkPfRcX-85Cvg0WKdRlwpQ==/lib/arm64'
2025-09-04 12:46:46.601 23382-23425 vulkan                  com.example.baby_alert_app           D  searching for layers in '/data/app/~~h080ACkmu3t1LlZnLlQFNg==/com.example.baby_alert_app-EkPfRcX-85Cvg0WKdRlwpQ==/base.apk!/lib/arm64-v8a'
2025-09-04 12:46:46.624 23382-23425 vulkan                  com.example.baby_alert_app           D  added global layer 'VK_LAYER_KHRONOS_validation' from library '/data/app/~~h080ACkmu3t1LlZnLlQFNg==/com.example.baby_alert_app-EkPfRcX-85Cvg0WKdRlwpQ==/base.apk!/lib/arm64-v8a/libVkLayer_khronos_validation.so'
2025-09-04 12:46:46.628 23382-23425 vulkan                  com.example.baby_alert_app           D  searching for layers in '/vendor/lib64'
2025-09-04 12:46:46.631 23382-23425 libc                    com.example.baby_alert_app           E  Access denied finding property "vendor.debug.forcibly_enable_mtk_ray_tracing"
2025-09-04 12:46:46.917 23382-23425 flutter                 com.example.baby_alert_app           I  [IMPORTANT:flutter/shell/platform/android/android_context_vk_impeller.cc(62)] Using the Impeller rendering backend (Vulkan).
2025-09-04 12:46:46.932 23382-23425 libMEOW                 com.example.baby_alert_app           D  meow new tls: 0xb4000078e1cd60c0
2025-09-04 12:46:46.933 23382-23425 libMEOW                 com.example.baby_alert_app           D  applied 2 plugins for [com.example.baby_alert_app]:
2025-09-04 12:46:46.933 23382-23425 libMEOW                 com.example.baby_alert_app           D    plugin 1: [libMEOW_gift.so]:
2025-09-04 12:46:46.933 23382-23425 libMEOW                 com.example.baby_alert_app           D    plugin 2: [libMEOW_semaphore]:
2025-09-04 12:46:46.967 23382-23425 flutter                 com.example.baby_alert_app           I  [IMPORTANT:flutter/shell/platform/android/android_context_gl_impeller.cc(104)] Using the Impeller rendering backend (OpenGLES).
2025-09-04 12:46:46.970 23382-23426 libMEOW                 com.example.baby_alert_app           D  meow new tls: 0xb4000079430471c0
2025-09-04 12:46:46.970 23382-23426 libMEOW                 com.example.baby_alert_app           D  applied 2 plugins for [com.example.baby_alert_app]:
2025-09-04 12:46:46.970 23382-23426 libMEOW                 com.example.baby_alert_app           D    plugin 1: [libMEOW_gift.so]:
2025-09-04 12:46:46.970 23382-23426 libMEOW                 com.example.baby_alert_app           D    plugin 2: [libMEOW_semaphore]:
2025-09-04 12:46:47.450 23382-23440 flutter                 com.example.baby_alert_app           I  The Dart VM service is listening on http://127.0.0.1:45691/7Vf1zozZH7o=/
2025-09-04 12:46:48.028 23382-23382 [FBP-Android]           com.example.baby_alert_app           D  [FBP] onAttachedToEngine
2025-09-04 12:46:48.038 23382-23382 [FBP-Android]           com.example.baby_alert_app           D  [FBP] onAttachedToActivity
2025-09-04 12:46:48.240 23382-23382 .baby_alert_ap          com.example.baby_alert_app           I  hiddenapi: Accessing hidden method Landroid/view/accessibility/AccessibilityNodeInfo;->getSourceNodeId()J (runtime_flags=0, domain=platform, api=unsupported,test-api) from Lio/flutter/view/AccessibilityViewEmbedder$ReflectionAccessors; (domain=app) using reflection: allowed
2025-09-04 12:46:48.241 23382-23382 .baby_alert_ap          com.example.baby_alert_app           I  hiddenapi: Accessing hidden method Landroid/view/accessibility/AccessibilityRecord;->getSourceNodeId()J (runtime_flags=0, domain=platform, api=unsupported) from Lio/flutter/view/AccessibilityViewEmbedder$ReflectionAccessors; (domain=app) using reflection: allowed
2025-09-04 12:46:48.241 23382-23382 .baby_alert_ap          com.example.baby_alert_app           I  hiddenapi: Accessing hidden field Landroid/view/accessibility/AccessibilityNodeInfo;->mChildNodeIds:Landroid/util/LongArray; (runtime_flags=0, domain=platform, api=unsupported) from Lio/flutter/view/AccessibilityViewEmbedder$ReflectionAccessors; (domain=app) using reflection: allowed
2025-09-04 12:46:48.242 23382-23382 .baby_alert_ap          com.example.baby_alert_app           I  hiddenapi: Accessing hidden method Landroid/util/LongArray;->get(I)J (runtime_flags=0, domain=platform, api=unsupported) from Lio/flutter/view/AccessibilityViewEmbedder$ReflectionAccessors; (domain=app) using reflection: allowed
2025-09-04 12:46:48.315 23382-23382 DecorView               com.example.baby_alert_app           I  [INFO] isPopOver=false, config=true
2025-09-04 12:46:48.316 23382-23382 DecorView               com.example.baby_alert_app           I  updateCaptionType >> DecorView@ed3466b[], isFloating=false, isApplication=true, hasWindowControllerCallback=true, hasWindowDecorCaption=false
2025-09-04 12:46:48.316 23382-23382 DecorView               com.example.baby_alert_app           D  setCaptionType = 0, this = DecorView@ed3466b[]
2025-09-04 12:46:48.329 23382-23382 DecorView               com.example.baby_alert_app           I  getCurrentDensityDpi: from real metrics. densityDpi=300 msg=resources_loaded
2025-09-04 12:46:48.384 23382-23382 DecorView               com.example.baby_alert_app           I  notifyKeepScreenOnChanged: keepScreenOn=false
2025-09-04 12:46:48.402 23382-23382 ViewRootIm...nActivity] com.example.baby_alert_app           I  setView = com.android.internal.policy.DecorView@ed3466b TM=true
2025-09-04 12:46:49.442 23382-23382 ViewRootIm...nActivity] com.example.baby_alert_app           I  stopped(true) old=false
2025-09-04 12:46:49.455 23382-23382 Choreographer           com.example.baby_alert_app           I  Skipped 62 frames!  The application may be doing too much work on its main thread.
2025-09-04 12:46:49.795 23382-23382 ViewRootIm...nActivity] com.example.baby_alert_app           I  Relayout returned: old=(0,0,720,1600) new=(0,0,720,1600) req=(0,0)8 dur=12 res=0x1 s={false 0} ch=false fn=-1
2025-09-04 12:46:49.949 23382-23382 FlutterWebRTCPlugin     com.example.baby_alert_app           W  audioFocusChangeListener [Earpiece(name=Earpiece)] Earpiece(name=Earpiece)
2025-09-04 12:46:49.951 23382-23382 FlutterWebRTCPlugin     com.example.baby_alert_app           W  audioFocusChangeListener [Speakerphone(name=Speakerphone), Earpiece(name=Earpiece)] Speakerphone(name=Speakerphone)
2025-09-04 12:46:49.963 23382-23382 Compatibil...geReporter com.example.baby_alert_app           D  Compat change id reported: 160794467; UID 10255; state: ENABLED
2025-09-04 12:46:49.994 23382-23382 BackgroundService       com.example.baby_alert_app           V  Starting flutter engine for background service
2025-09-04 12:46:50.013 23382-23449 libc                    com.example.baby_alert_app           E  Access denied finding property "vendor.debug.forcibly_enable_mtk_ray_tracing"
2025-09-04 12:46:50.014 23382-23382 [FBP-Android]           com.example.baby_alert_app           D  [FBP] onAttachedToEngine
2025-09-04 12:46:50.212  1291-1291  NotificationService     system_server                        E  Muting recently noisy 0|com.example.baby_alert_app|888|null|10255
2025-09-04 12:46:50.243 23382-23449 flutter                 com.example.baby_alert_app           I  [IMPORTANT:flutter/shell/platform/android/android_context_vk_impeller.cc(62)] Using the Impeller rendering backend (Vulkan).
2025-09-04 12:46:50.265 23382-23449 libMEOW                 com.example.baby_alert_app           D  meow new tls: 0xb40000794318d1c0
2025-09-04 12:46:50.265 23382-23449 libMEOW                 com.example.baby_alert_app           D  applied 2 plugins for [com.example.baby_alert_app]:
2025-09-04 12:46:50.265 23382-23449 libMEOW                 com.example.baby_alert_app           D    plugin 1: [libMEOW_gift.so]:
2025-09-04 12:46:50.265 23382-23449 libMEOW                 com.example.baby_alert_app           D    plugin 2: [libMEOW_semaphore]:
2025-09-04 12:46:50.292 23382-23449 flutter                 com.example.baby_alert_app           I  [IMPORTANT:flutter/shell/platform/android/android_context_gl_impeller.cc(104)] Using the Impeller rendering backend (OpenGLES).
2025-09-04 12:46:50.294 23382-23450 libMEOW                 com.example.baby_alert_app           D  meow new tls: 0xb4000078e0d20d00
2025-09-04 12:46:50.295 23382-23450 libMEOW                 com.example.baby_alert_app           D  applied 2 plugins for [com.example.baby_alert_app]:
2025-09-04 12:46:50.295 23382-23450 libMEOW                 com.example.baby_alert_app           D    plugin 1: [libMEOW_gift.so]:
2025-09-04 12:46:50.295 23382-23450 libMEOW                 com.example.baby_alert_app           D    plugin 2: [libMEOW_semaphore]:
2025-09-04 12:46:50.386 23382-23398 .baby_alert_ap          com.example.baby_alert_app           I  Compiler allocated 4386KB to compile void android.view.ViewRootImpl.performTraversals()
2025-09-04 12:46:51.691 23382-23382 flutter                 com.example.baby_alert_app           I  `flutter_background_service_android` threw an error: Exception: This class should only be used in the main isolate (UI App). The app may not function as expected until you remove this plugin from pubspec.yaml
2025-09-04 12:46:51.916 23382-23382 flutter                 com.example.baby_alert_app           I   [Background] WebSocket Connected!
2025-09-04 12:46:51.929 23382-23382 flutter                 com.example.baby_alert_app           I  [Background] Sent registration message for app-001
2025-09-04 12:46:52.099 23382-23382 BackgroundService       com.example.baby_alert_app           V  Service already running, using existing service
2025-09-04 12:46:55.600 23382-23382 FlutterWebRTCPlugin     com.example.baby_alert_app           W  audioFocusChangeListener [Earpiece(name=Earpiece)] Earpiece(name=Earpiece)
2025-09-04 12:46:55.600 23382-23382 FlutterWebRTCPlugin     com.example.baby_alert_app           W  audioFocusChangeListener [Speakerphone(name=Speakerphone), Earpiece(name=Earpiece)] Speakerphone(name=Speakerphone)
2025-09-04 12:46:55.613 23382-23382 BackgroundService       com.example.baby_alert_app           V  Service already running, using existing service
2025-09-04 12:46:55.643 23382-23466 ProfileInstaller        com.example.baby_alert_app           D  Installing profile for com.example.baby_alert_app
2025-09-04 12:46:55.646 23382-23382 PhoneWindow             com.example.baby_alert_app           D  forceLight changed to false [com.example.baby_alert_app/com.example.baby_alert_app.MainActivity] from com.android.internal.policy.PhoneWindow.updateForceLightNavigationBar:4319 com.android.internal.policy.PhoneWindow.setNavigationBarColor:4011 io.flutter.plugin.platform.PlatformPlugin.setSystemChromeSystemUIOverlayStyle:503 io.flutter.plugin.platform.PlatformPlugin.access$700:36 io.flutter.plugin.platform.PlatformPlugin$1.setSystemUiOverlayStyle:123 
2025-09-04 12:46:55.647 23382-23382 DecorView               com.example.baby_alert_app           I  notifyKeepScreenOnChanged: keepScreenOn=false
2025-09-04 12:46:55.662 23382-23382 DecorView               com.example.baby_alert_app           I  notifyKeepScreenOnChanged: keepScreenOn=false
2025-09-04 12:46:55.674 23382-23382 ViewRootIm...nActivity] com.example.baby_alert_app           I  Relayout returned: old=(0,0,720,1600) new=(0,0,720,1600) req=(0,0)8 dur=9 res=0x1 s={false 0} ch=false fn=-1
2025-09-04 12:47:00.027 23382-23382 ViewRootIm...nActivity] com.example.baby_alert_app           I  handleAppVisibility mAppVisible=false visible=true
2025-09-04 12:47:00.030 23382-23382 SurfaceView@7c290b0     com.example.baby_alert_app           I  onWindowVisibilityChanged(4) false io.flutter.embedding.android.FlutterSurfaceView{7c290b0 G.E...... ......I. 0,0-0,0} of ViewRootImpl@f80f79d[MainActivity]
2025-09-04 12:47:00.031 23382-23418 OpenGLRenderer          com.example.baby_alert_app           D  setSurface called with nullptr
2025-09-04 12:47:00.047 23382-23382 ViewRootIm...nActivity] com.example.baby_alert_app           I  Relayout returned: old=(0,0,720,1600) new=(0,0,720,1600) req=(0,0)4 dur=15 res=0x1 s={false 0} ch=false fn=-1
2025-09-04 12:47:00.047 23382-23382 ViewRootIm...nActivity] com.example.baby_alert_app           I  stopped(false) old=true
2025-09-04 12:47:00.051 23382-23382 ViewRootIm...nActivity] com.example.baby_alert_app           I  stopped(false) old=false
2025-09-04 12:47:00.071 23382-23382 SurfaceView@7c290b0     com.example.baby_alert_app           I  onWindowVisibilityChanged(0) true io.flutter.embedding.android.FlutterSurfaceView{7c290b0 V.E...... ......I. 0,0-0,0} of ViewRootImpl@f80f79d[MainActivity]
2025-09-04 12:47:00.075 23382-23418 OpenGLRenderer          com.example.baby_alert_app           D  setSurface called with nullptr
2025-09-04 12:47:00.080   946-1002  BufferQueueDebug        surfaceflinger                       E  [com.example.baby_alert_app/com.example.baby_alert_app.MainActivity$_23382#0](this:0xb400006f5ad1b948,id:-1,api:0,p:-1,c:-1) id info cannot be read from 'com.example.baby_alert_app/com.example.baby_alert_app.MainActivity$_23382#0'
2025-09-04 12:47:00.087 23382-23382 BufferQueueConsumer     com.example.baby_alert_app           I  [](id:5b5600000000,api:0,p:-1,c:23382) connect: controlledByApp=false
2025-09-04 12:47:00.090 23382-23382 BLASTBufferQueue        com.example.baby_alert_app           I  [ViewRootImpl@f80f79d[MainActivity]#0] constructor()
2025-09-04 12:47:00.095 23382-23382 ViewRootIm...nActivity] com.example.baby_alert_app           I  Relayout returned: old=(0,0,720,1600) new=(0,0,720,1600) req=(720,1600)0 dur=9 res=0x7 s={true -5476376627714342912} ch=true fn=-1
2025-09-04 12:47:00.099 23382-23418 BufferQueueProducer     com.example.baby_alert_app           I  [ViewRootImpl@f80f79d[MainActivity]#0(BLAST Consumer)0](id:5b5600000000,api:1,p:23382,c:23382) connect: api=1 producerControlledByApp=true
2025-09-04 12:47:00.101 23382-23418 OpenGLRenderer          com.example.baby_alert_app           D  eglCreateWindowSurface
2025-09-04 12:47:00.135 23382-23382 SurfaceView@7c290b0     com.example.baby_alert_app           I  windowStopped(false) true io.flutter.embedding.android.FlutterSurfaceView{7c290b0 V.E...... ......ID 0,0-720,1600} of ViewRootImpl@f80f79d[MainActivity]
2025-09-04 12:47:00.135 23382-23382 ViewRootIm...nActivity] com.example.baby_alert_app           I  [DP] dp(1) 1 android.view.ViewRootImpl.reportNextDraw:11420 android.view.ViewRootImpl.performTraversals:4193 android.view.ViewRootImpl.doTraversal:2919 
2025-09-04 12:47:00.141   946-1003  BufferQueueDebug        surfaceflinger                       E  [SurfaceView - com.example.baby_alert_app/com.example.baby_alert_app.MainActivity@7c290b0@0(BLAST)#0](this:0xb400006f5cdfd948,id:-1,api:0,p:-1,c:-1) id info cannot be read from 'SurfaceView - com.example.baby_alert_app/com.example.baby_alert_app.MainActivity@7c290b0@0(BLAST)#0'
2025-09-04 12:47:00.144 23382-23382 BufferQueueConsumer     com.example.baby_alert_app           I  [](id:5b5600000001,api:0,p:-1,c:23382) connect: controlledByApp=false
2025-09-04 12:47:00.146 23382-23382 BLASTBufferQueue        com.example.baby_alert_app           I  [SurfaceView - com.example.baby_alert_app/com.example.baby_alert_app.MainActivity@7c290b0@0#1] constructor()
2025-09-04 12:47:00.146 23382-23382 SurfaceView@7c290b0     com.example.baby_alert_app           I  pST: sr = Rect(0, 0 - 720, 1600) sw = 720 sh = 1600
2025-09-04 12:47:00.147 23382-23382 SurfaceView@7c290b0     com.example.baby_alert_app           I  onSSPAndSRT: pl = 0 pt = 0 sx = 1.0 sy = 1.0
2025-09-04 12:47:00.148 23382-23382 SurfaceView@7c290b0     com.example.baby_alert_app           I  pST: mTmpTransaction.apply, mTmpTransaction = android.view.SurfaceControl$Transaction@2e54482
2025-09-04 12:47:00.149 23382-23382 SurfaceView@7c290b0     com.example.baby_alert_app           I  updateSurface: mVisible = true mSurface.isValid() = true
2025-09-04 12:47:00.149 23382-23382 SurfaceView@7c290b0     com.example.baby_alert_app           I  updateSurface: mSurfaceCreated = false surfaceChanged = true visibleChanged = true
2025-09-04 12:47:00.149 23382-23382 SurfaceView@7c290b0     com.example.baby_alert_app           I  surfaceCreated 1 #8 io.flutter.embedding.android.FlutterSurfaceView{7c290b0 V.E...... ......ID 0,0-720,1600}
2025-09-04 12:47:00.150 23382-23425 BufferQueueProducer     com.example.baby_alert_app           I  [SurfaceView - com.example.baby_alert_app/com.example.baby_alert_app.MainActivity@7c290b0@0#1(BLAST Consumer)1](id:5b5600000001,api:1,p:23382,c:23382) connect: api=1 producerControlledByApp=true
2025-09-04 12:47:00.159   946-1002  BufferQueueDebug        surfaceflinger                       E  [Splash Screen com.example.baby_alert_app$_20869#0](this:0xb400006f5ad33948,id:-1,api:0,p:-1,c:-1) id info cannot be read from 'Splash Screen com.example.baby_alert_app$_20869#0'
2025-09-04 12:47:00.165 23382-23425 ion                     com.example.baby_alert_app           E  ioctl c0044901 failed with code -1: Invalid argument
2025-09-04 12:47:03.383 23382-23382 SurfaceView@7c290b0     com.example.baby_alert_app           I  surfaceChanged (720,1600) 1 #8 io.flutter.embedding.android.FlutterSurfaceView{7c290b0 V.E...... ......ID 0,0-720,1600}
2025-09-04 12:47:03.385 23382-23425 BufferQueueProducer     com.example.baby_alert_app           I  [SurfaceView - com.example.baby_alert_app/com.example.baby_alert_app.MainActivity@7c290b0@0#1(BLAST Consumer)1](id:5b5600000001,api:1,p:23382,c:23382) disconnect: api 1
2025-09-04 12:47:03.387 23382-23425 BufferQueueProducer     com.example.baby_alert_app           I  [SurfaceView - com.example.baby_alert_app/com.example.baby_alert_app.MainActivity@7c290b0@0#1(BLAST Consumer)1](id:5b5600000001,api:1,p:23382,c:23382) connect: api=1 producerControlledByApp=true
2025-09-04 12:47:03.394 23382-23382 ViewRootIm...nActivity] com.example.baby_alert_app           I  [DP] dp(2) 1 android.view.SurfaceView.updateSurface:1375 android.view.SurfaceView.lambda$new$1$SurfaceView:254 android.view.SurfaceView$$ExternalSyntheticLambda2.onPreDraw:2 
2025-09-04 12:47:03.396 23382-23382 Choreographer           com.example.baby_alert_app           I  Skipped 198 frames!  The application may be doing too much work on its main thread.
2025-09-04 12:47:05.041 23382-23382 ViewRootIm...nActivity] com.example.baby_alert_app           I  [DP] pdf(1) 1 android.view.SurfaceView.notifyDrawFinished:599 android.view.SurfaceView.performDrawFinished:586 android.view.SurfaceView.$r8$lambda$st27mCkd9jfJkTrN_P3qIGKX6NY:0 
2025-09-04 12:47:05.041 23382-23382 ViewRootIm...nActivity] com.example.baby_alert_app           D  pendingDrawFinished. Waiting on draw reported mDrawsNeededToReport=1
2025-09-04 12:47:05.095 23382-23382 InsetsSourceConsumer    com.example.baby_alert_app           D  ensureControlAlpha: for ITYPE_NAVIGATION_BAR on com.example.baby_alert_app/com.example.baby_alert_app.MainActivity
2025-09-04 12:47:05.098 23382-23382 InsetsSourceConsumer    com.example.baby_alert_app           D  ensureControlAlpha: for ITYPE_STATUS_BAR on com.example.baby_alert_app/com.example.baby_alert_app.MainActivity
2025-09-04 12:47:05.152 23382-23382 Choreographer           com.example.baby_alert_app           I  Skipped 104 frames!  The application may be doing too much work on its main thread.
2025-09-04 12:47:05.166 23382-23382 SurfaceView@7c290b0     com.example.baby_alert_app           I  pST: sr = Rect(0, 0 - 720, 1510) sw = 720 sh = 1510
2025-09-04 12:47:05.167 23382-23382 SurfaceView@7c290b0     com.example.baby_alert_app           I  onSSPAndSRT: pl = 0 pt = 0 sx = 1.0 sy = 1.0
2025-09-04 12:47:05.167 23382-23382 SurfaceView@7c290b0     com.example.baby_alert_app           I  pST: mTmpTransaction.apply, mTmpTransaction = android.view.SurfaceControl$Transaction@2e54482
2025-09-04 12:47:05.169 23382-23382 SurfaceView@7c290b0     com.example.baby_alert_app           I  updateSurface: mVisible = true mSurface.isValid() = true
2025-09-04 12:47:05.169 23382-23382 SurfaceView@7c290b0     com.example.baby_alert_app           I  updateSurface: mSurfaceCreated = true surfaceChanged = false visibleChanged = false
2025-09-04 12:47:05.169 23382-23382 SurfaceView@7c290b0     com.example.baby_alert_app           I  surfaceChanged (720,1510) 1 #5 io.flutter.embedding.android.FlutterSurfaceView{7c290b0 V.E...... ......ID 0,0-720,1510}
2025-09-04 12:47:05.171 23382-23425 BufferQueueProducer     com.example.baby_alert_app           I  [SurfaceView - com.example.baby_alert_app/com.example.baby_alert_app.MainActivity@7c290b0@0#1(BLAST Consumer)1](id:5b5600000001,api:1,p:23382,c:23382) disconnect: api 1
2025-09-04 12:47:05.172 23382-23425 BufferQueueProducer     com.example.baby_alert_app           I  [SurfaceView - com.example.baby_alert_app/com.example.baby_alert_app.MainActivity@7c290b0@0#1(BLAST Consumer)1](id:5b5600000001,api:1,p:23382,c:23382) connect: api=1 producerControlledByApp=true
2025-09-04 12:47:05.179 23382-23382 ViewRootIm...nActivity] com.example.baby_alert_app           I  [DP] dp(2) 1 android.view.SurfaceView.updateSurface:1375 android.view.SurfaceView.setFrame:675 android.view.View.layout:24458 
2025-09-04 12:47:05.180 23382-23382 ViewRootIm...nActivity] com.example.baby_alert_app           I  [DP] pdf(1) 1 android.view.SurfaceView.notifyDrawFinished:599 android.view.SurfaceView.performDrawFinished:586 android.view.SurfaceView.$r8$lambda$st27mCkd9jfJkTrN_P3qIGKX6NY:0 
2025-09-04 12:47:05.180 23382-23382 ViewRootIm...nActivity] com.example.baby_alert_app           D  pendingDrawFinished. Waiting on draw reported mDrawsNeededToReport=1
2025-09-04 12:47:05.181 23382-23382 ViewRootIm...nActivity] com.example.baby_alert_app           D  Creating frameDrawingCallback nextDrawUseBlastSync=false reportNextDraw=true hasBlurUpdates=false
2025-09-04 12:47:05.182 23382-23382 ViewRootIm...nActivity] com.example.baby_alert_app           D  Creating frameCompleteCallback
2025-09-04 12:47:05.210 23382-23511 SurfaceView@7c290b0     com.example.baby_alert_app           I  uSP: rtp = Rect(0, 0 - 720, 1510) rtsw = 720 rtsh = 1510
2025-09-04 12:47:05.211 23382-23511 SurfaceView@7c290b0     com.example.baby_alert_app           I  onSSPAndSRT: pl = 0 pt = 0 sx = 1.0 sy = 1.0
2025-09-04 12:47:05.211 23382-23511 SurfaceView@7c290b0     com.example.baby_alert_app           I  aOrMT: uB = true t = android.view.SurfaceControl$Transaction@d5f63d0 fN = 1 android.view.SurfaceView.access$500:124 android.view.SurfaceView$SurfaceViewPositionUpdateListener.positionChanged:1728 android.graphics.RenderNode$CompositePositionUpdateListener.positionChanged:319 
2025-09-04 12:47:05.211 23382-23511 SurfaceView@7c290b0     com.example.baby_alert_app           I  aOrMT: vR.mWNT, vR = ViewRootImpl@f80f79d[MainActivity]
2025-09-04 12:47:05.211 23382-23511 ViewRootIm...nActivity] com.example.baby_alert_app           I  mWNT: t = android.view.SurfaceControl$Transaction@d5f63d0 fN = 1 android.view.SurfaceView.applyOrMergeTransaction:1628 android.view.SurfaceView.access$500:124 android.view.SurfaceView$SurfaceViewPositionUpdateListener.positionChanged:1728 
2025-09-04 12:47:05.211 23382-23511 ViewRootIm...nActivity] com.example.baby_alert_app           I  mWNT: merge t to BBQ
2025-09-04 12:47:05.212 23382-23512 ViewRootIm...nActivity] com.example.baby_alert_app           D  Received frameDrawingCallback frameNum=1. Creating transactionCompleteCallback=false
2025-09-04 12:47:05.242 23382-23418 ViewRootIm...nActivity] com.example.baby_alert_app           D  Received frameCompleteCallback  lastAcquiredFrameNum=1 lastAttemptedDrawFrameNum=1
2025-09-04 12:47:05.247 23382-23404 OpenGLRenderer          com.example.baby_alert_app           I  Davey! duration=1813ms; Flags=1, FrameTimelineVsyncId=949680, IntendedVsync=105206790820748, Vsync=105208524154116, InputEventId=0, HandleInputStart=105208532810192, AnimationStart=105208532815346, PerformTraversalsStart=105208532817269, DrawStart=105208566752346, FrameDeadline=105206807487415, FrameInterval=105208532580500, FrameStartTime=16666667, SyncQueued=105208572415808, SyncStart=105208589102654, IssueDrawCommandsStart=105208590296654, SwapBuffers=105208617781577, FrameCompleted=105208621344808, DequeueBufferDuration=0, QueueBufferDuration=2361693, GpuCompleted=105208621177115, SwapBuffersCompleted=105208621344808, DisplayPresentTime=-5476376625952168800, 
2025-09-04 12:47:05.248 23382-23382 ViewRootIm...nActivity] com.example.baby_alert_app           I  [DP] pdf(0) 1 android.view.ViewRootImpl.lambda$addFrameCompleteCallbackIfNeeded$3$ViewRootImpl:4995 android.view.ViewRootImpl$$ExternalSyntheticLambda16.run:6 android.os.Handler.handleCallback:938 
2025-09-04 12:47:05.248 23382-23382 ViewRootIm...nActivity] com.example.baby_alert_app           I  [DP] rdf()
2025-09-04 12:47:05.248 23382-23382 ViewRootIm...nActivity] com.example.baby_alert_app           D  reportDrawFinished (fn: -1) 
2025-09-04 12:47:05.395  1291-1470  WindowManager           system_server                        E  win=Window{a2a6d49 u0 Splash Screen com.example.baby_alert_app EXITING} destroySurfaces: appStopped=false win.mWindowRemovalAllowed=true win.mRemoveOnExit=true win.mViewVisibility=8 caller=com.android.server.wm.ActivityRecord.destroySurfaces:5873 com.android.server.wm.ActivityRecord.destroySurfaces:5854 com.android.server.wm.WindowState.onExitAnimationDone:5993 com.android.server.wm.WindowStateAnimator.onAnimationFinished:242 com.android.server.wm.WindowState.onAnimationFinished:6246 com.android.server.wm.WindowContainer$$ExternalSyntheticLambda0.onAnimationFinished:2 com.android.server.wm.SurfaceAnimator.lambda$getFinishedCallback$0$SurfaceAnimator:113 
2025-09-04 12:47:05.504 23382-23382 ViewRootIm...nActivity] com.example.baby_alert_app           I  MSG_WINDOW_FOCUS_CHANGED 1 1
2025-09-04 12:47:05.507 23382-23382 InputMethodManager      com.example.baby_alert_app           D  startInputInner - Id : 0
2025-09-04 12:47:05.507 23382-23382 InputMethodManager      com.example.baby_alert_app           I  startInputInner - mService.startInputOrWindowGainedFocus
2025-09-04 12:47:05.519 23382-23382 InputMethodManager      com.example.baby_alert_app           D  startInputInner - Id : 0
2025-09-04 12:47:13.661 23382-23382 DecorView               com.example.baby_alert_app           I  getCurrentDensityDpi: from real metrics. densityDpi=300 msg=remove_caption
2025-09-04 12:47:13.661 23382-23382 DecorView               com.example.baby_alert_app           I  [INFO] isPopOver=false, config=true
2025-09-04 12:47:13.661 23382-23382 DecorView               com.example.baby_alert_app           I  updateCaptionType >> DecorView@ed3466b[MainActivity], isFloating=false, isApplication=true, hasWindowControllerCallback=true, hasWindowDecorCaption=false
2025-09-04 12:47:13.661 23382-23382 DecorView               com.example.baby_alert_app           D  setCaptionType = 0, this = DecorView@ed3466b[MainActivity]
2025-09-04 12:47:13.678 23382-23406 ViewRootIm...nActivity] com.example.baby_alert_app           I  Resizing android.view.ViewRootImpl@d2bef01: frame=[45,0][1600,720] reportDraw=true forceLayout=true backDropFrame=Rect(0, 0 - 1555, 720)
2025-09-04 12:47:13.690 23382-23382 InsetsSourceConsumer    com.example.baby_alert_app           D  ensureControlPosition: Point(1510, 0) for ITYPE_NAVIGATION_BAR on com.example.baby_alert_app/com.example.baby_alert_app.MainActivity from android.view.InsetsSourceConsumer.setControl:208
2025-09-04 12:47:13.693 23382-23382 ViewRootIm...nActivity] com.example.baby_alert_app           I  handleResized, msg = 5 frames=ClientWindowFrames{frame=[45,0][1600,720] display=[45,0][1600,720] backdrop=[0,0][1555,720]} forceNextWindowRelayout=true displayId=0 frameChanged=true backdropFrameChanged=true configChanged=true displayChanged=false mNextDrawUseBlastSync=false mergedConfiguration={mGlobalConfig={1.0 ?mcc?mnc [ko_KR] ldltr sw384dp w781dp h360dp 300dpi nrml long land finger -keyb/v/h -nav/h winConfig={ mBounds=Rect(0, 0 - 1600, 720) mAppBounds=Rect(45, 0 - 1510, 720) mMaxBounds=Rect(0, 0 - 1600, 720) mWindowingMode=fullscreen mDisplayWindowingMode=fullscreen mActivityType=undefined mAlwaysOnTop=undefined mRotation=ROTATION_90 mPopOver=off mFreeformTaskPinningState=unpinned} s.935 fontWeightAdjustment=0 ff=0 bf=0 bts=0 enb/d themeSeq=0} mOverrideConfig={1.0 ?mcc?mnc [ko_KR] ldltr sw384dp w781dp h360dp 300dpi nrml long land finger -keyb/v/h -nav/h winConfig={ mBounds=Rect(0, 0 - 1600, 720) mAppBounds=Rect(45, 0 - 1510, 720) mMaxBounds=Rect(0, 0 - 1600, 720) mWindowingMode=fullscreen mDisplayWindowingMode=fullscreen mActivityType=standard mAlwaysOnTop=undefined mRotation=ROTATION_90 mPopOver=off mFreeformTaskPinningState=unpinned} s.2 fontWeightAdjustment=0 ff=0 bf=0 bts=0 enb/d themeSeq=0}}
2025-09-04 12:47:13.694 23382-23382 ViewRootIm...nActivity] com.example.baby_alert_app           I  [DP] dp(1) 1 android.view.ViewRootImpl.reportNextDraw:11420 android.view.ViewRootImpl.handleResized:2230 android.view.ViewRootImpl.access$1200:302 
2025-09-04 12:47:13.719 23382-23382 ViewRootIm...nActivity] com.example.baby_alert_app           I  Relayout returned: old=(45,0,1600,720) new=(45,0,1600,720) req=(1555,720)0 dur=6 res=0x3 s={true -5476376627714342912} ch=false fn=19
2025-09-04 12:47:13.722 23382-23418 OpenGLRenderer          com.example.baby_alert_app           D  setSurface() destroyed EGLSurface
2025-09-04 12:47:13.722 23382-23418 OpenGLRenderer          com.example.baby_alert_app           D  destroyEglSurface
2025-09-04 12:47:13.722 23382-23382 ViewRootIm...nActivity] com.example.baby_alert_app           I  updateBoundsLayer: t = android.view.SurfaceControl$Transaction@a4d41a6 sc = Surface(name=Bounds for - com.example.baby_alert_app/com.example.baby_alert_app.MainActivity@0)/@0x949b7e7 frame = 19
2025-09-04 12:47:13.725 23382-23418 BufferQueueProducer     com.example.baby_alert_app           I  [ViewRootImpl@f80f79d[MainActivity]#0(BLAST Consumer)0](id:5b5600000000,api:1,p:23382,c:23382) disconnect: api 1
2025-09-04 12:47:13.727 23382-23418 BufferQueueProducer     com.example.baby_alert_app           I  [ViewRootImpl@f80f79d[MainActivity]#0(BLAST Consumer)0](id:5b5600000000,api:1,p:23382,c:23382) connect: api=1 producerControlledByApp=true
2025-09-04 12:47:13.727 23382-23382 ViewRootIm...nActivity] com.example.baby_alert_app           I  mWNT: t = android.view.SurfaceControl$Transaction@a4d41a6 fN = 19 android.view.ViewRootImpl.prepareSurfaces:2778 android.view.ViewRootImpl.performTraversals:4024 android.view.ViewRootImpl.doTraversal:2919 
2025-09-04 12:47:13.727 23382-23382 ViewRootIm...nActivity] com.example.baby_alert_app           I  mWNT: merge t to BBQ
2025-09-04 12:47:13.728 23382-23418 OpenGLRenderer          com.example.baby_alert_app           D  eglCreateWindowSurface
2025-09-04 12:47:13.729 23382-23382 SurfaceView@7c290b0     com.example.baby_alert_app           I  pST: sr = Rect(0, 0 - 1465, 720) sw = 1465 sh = 720
2025-09-04 12:47:13.729 23382-23382 SurfaceView@7c290b0     com.example.baby_alert_app           I  onSSPAndSRT: pl = 0 pt = 0 sx = 1.0 sy = 1.0
2025-09-04 12:47:13.730 23382-23382 SurfaceView@7c290b0     com.example.baby_alert_app           I  pST: mTmpTransaction.apply, mTmpTransaction = android.view.SurfaceControl$Transaction@2e54482
2025-09-04 12:47:13.731 23382-23382 SurfaceView@7c290b0     com.example.baby_alert_app           I  updateSurface: mVisible = true mSurface.isValid() = true
2025-09-04 12:47:13.731 23382-23382 SurfaceView@7c290b0     com.example.baby_alert_app           I  updateSurface: mSurfaceCreated = true surfaceChanged = false visibleChanged = false
2025-09-04 12:47:13.731 23382-23382 SurfaceView@7c290b0     com.example.baby_alert_app           I  surfaceChanged (1465,720) 1 #5 io.flutter.embedding.android.FlutterSurfaceView{7c290b0 V.E...... ......ID 0,0-1465,720}
2025-09-04 12:47:13.733 23382-23425 BufferQueueProducer     com.example.baby_alert_app           I  [SurfaceView - com.example.baby_alert_app/com.example.baby_alert_app.MainActivity@7c290b0@0#1(BLAST Consumer)1](id:5b5600000001,api:1,p:23382,c:23382) disconnect: api 1
2025-09-04 12:47:13.733 23382-23425 BufferQueueProducer     com.example.baby_alert_app           I  [SurfaceView - com.example.baby_alert_app/com.example.baby_alert_app.MainActivity@7c290b0@0#1(BLAST Consumer)1](id:5b5600000001,api:1,p:23382,c:23382) connect: api=1 producerControlledByApp=true
2025-09-04 12:47:13.739 23382-23382 ViewRootIm...nActivity] com.example.baby_alert_app           I  [DP] dp(2) 1 android.view.SurfaceView.updateSurface:1375 android.view.SurfaceView.setFrame:675 android.view.View.layout:24458 
2025-09-04 12:47:13.739 23382-23382 ViewRootIm...nActivity] com.example.baby_alert_app           I  [DP] pdf(1) 1 android.view.SurfaceView.notifyDrawFinished:599 android.view.SurfaceView.performDrawFinished:586 android.view.SurfaceView.$r8$lambda$st27mCkd9jfJkTrN_P3qIGKX6NY:0 
2025-09-04 12:47:13.739 23382-23382 ViewRootIm...nActivity] com.example.baby_alert_app           D  pendingDrawFinished. Waiting on draw reported mDrawsNeededToReport=1
2025-09-04 12:47:13.740 23382-23382 ViewRootIm...nActivity] com.example.baby_alert_app           D  Creating frameDrawingCallback nextDrawUseBlastSync=false reportNextDraw=true hasBlurUpdates=false
2025-09-04 12:47:13.740 23382-23382 ViewRootIm...nActivity] com.example.baby_alert_app           D  Creating frameCompleteCallback
2025-09-04 12:47:13.744 23382-23511 SurfaceView@7c290b0     com.example.baby_alert_app           I  uSP: rtp = Rect(0, 0 - 1465, 720) rtsw = 1465 rtsh = 720
2025-09-04 12:47:13.744 23382-23511 SurfaceView@7c290b0     com.example.baby_alert_app           I  onSSPAndSRT: pl = 0 pt = 0 sx = 1.0 sy = 1.0
2025-09-04 12:47:13.744 23382-23511 SurfaceView@7c290b0     com.example.baby_alert_app           I  aOrMT: uB = true t = android.view.SurfaceControl$Transaction@e15df94 fN = 19 android.view.SurfaceView.access$500:124 android.view.SurfaceView$SurfaceViewPositionUpdateListener.positionChanged:1728 android.graphics.RenderNode$CompositePositionUpdateListener.positionChanged:319 
2025-09-04 12:47:13.745 23382-23511 SurfaceView@7c290b0     com.example.baby_alert_app           I  aOrMT: vR.mWNT, vR = ViewRootImpl@f80f79d[MainActivity]
2025-09-04 12:47:13.745 23382-23511 ViewRootIm...nActivity] com.example.baby_alert_app           I  mWNT: t = android.view.SurfaceControl$Transaction@e15df94 fN = 19 android.view.SurfaceView.applyOrMergeTransaction:1628 android.view.SurfaceView.access$500:124 android.view.SurfaceView$SurfaceViewPositionUpdateListener.positionChanged:1728 
2025-09-04 12:47:13.745 23382-23511 ViewRootIm...nActivity] com.example.baby_alert_app           I  mWNT: merge t to BBQ
2025-09-04 12:47:13.745 23382-23511 ViewRootIm...nActivity] com.example.baby_alert_app           D  Received frameDrawingCallback frameNum=19. Creating transactionCompleteCallback=false
2025-09-04 12:47:13.752 23382-23418 ViewRootIm...nActivity] com.example.baby_alert_app           D  Received frameCompleteCallback  lastAcquiredFrameNum=19 lastAttemptedDrawFrameNum=19
2025-09-04 12:47:14.305 23382-23382 ViewRootIm...nActivity] com.example.baby_alert_app           I  [DP] pdf(0) 1 android.view.ViewRootImpl.lambda$addFrameCompleteCallbackIfNeeded$3$ViewRootImpl:4995 android.view.ViewRootImpl$$ExternalSyntheticLambda16.run:6 android.os.Handler.handleCallback:938 
2025-09-04 12:47:14.305 23382-23382 ViewRootIm...nActivity] com.example.baby_alert_app           I  [DP] rdf()
2025-09-04 12:47:14.305 23382-23382 ViewRootIm...nActivity] com.example.baby_alert_app           D  reportDrawFinished (fn: 19) 
2025-09-04 12:47:14.306 23382-23382 Choreographer           com.example.baby_alert_app           I  Skipped 35 frames!  The application may be doing too much work on its main thread.
2025-09-04 12:47:14.325 23382-23382 ViewRootIm...nActivity] com.example.baby_alert_app           V  updateAppliedLetterboxDirection, direction=1, Caller=android.view.ViewRootImpl.handleDispatchLetterboxDirectionChanged:12773
2025-09-04 12:47:14.760 23382-23382 DecorView               com.example.baby_alert_app           I  getCurrentDensityDpi: from real metrics. densityDpi=300 msg=remove_caption
2025-09-04 12:47:14.760 23382-23382 DecorView               com.example.baby_alert_app           I  [INFO] isPopOver=false, config=true
2025-09-04 12:47:14.760 23382-23382 DecorView               com.example.baby_alert_app           I  updateCaptionType >> DecorView@ed3466b[MainActivity], isFloating=false, isApplication=true, hasWindowControllerCallback=true, hasWindowDecorCaption=false
2025-09-04 12:47:14.760 23382-23382 DecorView               com.example.baby_alert_app           D  setCaptionType = 0, this = DecorView@ed3466b[MainActivity]
2025-09-04 12:47:14.767 23382-23404 ViewRootIm...nActivity] com.example.baby_alert_app           I  Resizing android.view.ViewRootImpl@d2bef01: frame=[0,0][720,1600] reportDraw=true forceLayout=true backDropFrame=Rect(0, 0 - 720, 1600)
2025-09-04 12:47:14.778 23382-23382 ViewRootIm...nActivity] com.example.baby_alert_app           V  updateAppliedLetterboxDirection, direction=0, Caller=android.view.ViewRootImpl.handleDispatchLetterboxDirectionChanged:12773
2025-09-04 12:47:14.779 23382-23382 InsetsSourceConsumer    com.example.baby_alert_app           D  ensureControlPosition: Point(0, 1510) for ITYPE_NAVIGATION_BAR on com.example.baby_alert_app/com.example.baby_alert_app.MainActivity from android.view.InsetsSourceConsumer.setControl:208
2025-09-04 12:47:14.780 23382-23382 ViewRootIm...nActivity] com.example.baby_alert_app           I  handleResized, msg = 5 frames=ClientWindowFrames{frame=[0,0][720,1600] display=[0,0][720,1600] backdrop=[0,0][720,1600]} forceNextWindowRelayout=true displayId=0 frameChanged=true backdropFrameChanged=true configChanged=true displayChanged=false mNextDrawUseBlastSync=false mergedConfiguration={mGlobalConfig={1.0 ?mcc?mnc [ko_KR] ldltr sw384dp w384dp h781dp 300dpi nrml long port finger -keyb/v/h -nav/h winConfig={ mBounds=Rect(0, 0 - 720, 1600) mAppBounds=Rect(0, 45 - 720, 1510) mMaxBounds=Rect(0, 0 - 720, 1600) mWindowingMode=fullscreen mDisplayWindowingMode=fullscreen mActivityType=undefined mAlwaysOnTop=undefined mRotation=ROTATION_0 mPopOver=off mFreeformTaskPinningState=unpinned} s.996 fontWeightAdjustment=0 ff=0 bf=0 bts=0 enb/d themeSeq=0} mOverrideConfig={1.0 ?mcc?mnc [ko_KR] ldltr sw384dp w384dp h781dp 300dpi nrml long port finger -keyb/v/h -nav/h winConfig={ mBounds=Rect(0, 0 - 720, 1600) mAppBounds=Rect(0, 45 - 720, 1510) mMaxBounds=Rect(0, 0 - 720, 1600) mWindowingMode=fullscreen mDisplayWindowingMode=fullscreen mActivityType=standard mAlwaysOnTop=undefined mRotation=ROTATION_0 mPopOver=off mFreeformTaskPinningState=unpinned} s.3 fontWeightAdjustment=0 ff=0 bf=0 bts=0 enb/d themeSeq=0}}
2025-09-04 12:47:14.781 23382-23382 ViewRootIm...nActivity] com.example.baby_alert_app           I  [DP] dp(1) 1 android.view.ViewRootImpl.reportNextDraw:11420 android.view.ViewRootImpl.handleResized:2230 android.view.ViewRootImpl.access$1200:302 
2025-09-04 12:47:14.795 23382-23382 ViewRootIm...nActivity] com.example.baby_alert_app           I  Relayout returned: old=(0,0,720,1600) new=(0,0,720,1600) req=(720,1600)0 dur=6 res=0x3 s={true -5476376627714342912} ch=false fn=21
2025-09-04 12:47:14.796 23382-23418 OpenGLRenderer          com.example.baby_alert_app           D  setSurface() destroyed EGLSurface
2025-09-04 12:47:14.796 23382-23418 OpenGLRenderer          com.example.baby_alert_app           D  destroyEglSurface
2025-09-04 12:47:14.796 23382-23382 ViewRootIm...nActivity] com.example.baby_alert_app           I  updateBoundsLayer: t = android.view.SurfaceControl$Transaction@a4d41a6 sc = Surface(name=Bounds for - com.example.baby_alert_app/com.example.baby_alert_app.MainActivity@0)/@0x949b7e7 frame = 21
